Archive member included to satisfy reference by file (symbol)

app/libapp.a(main.c.obj)      (--whole-archive)
zephyr/libzephyr.a(validate_libc.c.obj)
                              (--whole-archive)
zephyr/libzephyr.a(heap.c.obj)
                              (--whole-archive)
zephyr/libzephyr.a(cbprintf_packaged.c.obj)
                              (--whole-archive)
zephyr/libzephyr.a(clock.c.obj)
                              (--whole-archive)
zephyr/libzephyr.a(printk.c.obj)
                              (--whole-archive)
zephyr/libzephyr.a(sem.c.obj)
                              (--whole-archive)
zephyr/libzephyr.a(thread_entry.c.obj)
                              (--whole-archive)
zephyr/libzephyr.a(cbprintf_complete.c.obj)
                              (--whole-archive)
zephyr/libzephyr.a(assert.c.obj)
                              (--whole-archive)
zephyr/libzephyr.a(dec.c.obj)
                              (--whole-archive)
zephyr/libzephyr.a(hex.c.obj)
                              (--whole-archive)
zephyr/libzephyr.a(rb.c.obj)  (--whole-archive)
zephyr/libzephyr.a(timeutil.c.obj)
                              (--whole-archive)
zephyr/libzephyr.a(bitarray.c.obj)
                              (--whole-archive)
zephyr/libzephyr.a(bitmask.c.obj)
                              (--whole-archive)
zephyr/libzephyr.a(ring_buffer.c.obj)
                              (--whole-archive)
zephyr/libzephyr.a(last_section_id.c.obj)
                              (--whole-archive)
zephyr/libzephyr.a(configs.c.obj)
                              (--whole-archive)
zephyr/libzephyr.a(soc.c.obj)
                              (--whole-archive)
zephyr/libzephyr.a(mem_attr.c.obj)
                              (--whole-archive)
zephyr/libzephyr.a(tracing_none.c.obj)
                              (--whole-archive)
zephyr/arch/common/libarch__common.a(sw_isr_common.c.obj)
                              (--whole-archive)
zephyr/arch/common/libarch__common.a(init.c.obj)
                              (--whole-archive)
zephyr/arch/common/libarch__common.a(xip.c.obj)
                              (--whole-archive)
zephyr/arch/arch/arm/core/libarch__arm__core.a(fatal.c.obj)
                              (--whole-archive)
zephyr/arch/arch/arm/core/libarch__arm__core.a(nmi.c.obj)
                              (--whole-archive)
zephyr/arch/arch/arm/core/libarch__arm__core.a(nmi_on_reset.S.obj)
                              (--whole-archive)
zephyr/arch/arch/arm/core/libarch__arm__core.a(tls.c.obj)
                              (--whole-archive)
zephyr/arch/arch/arm/core/cortex_m/libarch__arm__core__cortex_m.a(exc_exit.c.obj)
                              (--whole-archive)
zephyr/arch/arch/arm/core/cortex_m/libarch__arm__core__cortex_m.a(fault.c.obj)
                              (--whole-archive)
zephyr/arch/arch/arm/core/cortex_m/libarch__arm__core__cortex_m.a(fault_s.S.obj)
                              (--whole-archive)
zephyr/arch/arch/arm/core/cortex_m/libarch__arm__core__cortex_m.a(fpu.c.obj)
                              (--whole-archive)
zephyr/arch/arch/arm/core/cortex_m/libarch__arm__core__cortex_m.a(reset.S.obj)
                              (--whole-archive)
zephyr/arch/arch/arm/core/cortex_m/libarch__arm__core__cortex_m.a(scb.c.obj)
                              (--whole-archive)
zephyr/arch/arch/arm/core/cortex_m/libarch__arm__core__cortex_m.a(thread_abort.c.obj)
                              (--whole-archive)
zephyr/arch/arch/arm/core/cortex_m/libarch__arm__core__cortex_m.a(vector_table.S.obj)
                              (--whole-archive)
zephyr/arch/arch/arm/core/cortex_m/libarch__arm__core__cortex_m.a(swap_helper.S.obj)
                              (--whole-archive)
zephyr/arch/arch/arm/core/cortex_m/libarch__arm__core__cortex_m.a(irq_manage.c.obj)
                              (--whole-archive)
zephyr/arch/arch/arm/core/cortex_m/libarch__arm__core__cortex_m.a(prep_c.c.obj)
                              (--whole-archive)
zephyr/arch/arch/arm/core/cortex_m/libarch__arm__core__cortex_m.a(thread.c.obj)
                              (--whole-archive)
zephyr/arch/arch/arm/core/cortex_m/libarch__arm__core__cortex_m.a(cpu_idle.c.obj)
                              (--whole-archive)
zephyr/arch/arch/arm/core/cortex_m/libarch__arm__core__cortex_m.a(irq_init.c.obj)
                              (--whole-archive)
zephyr/arch/arch/arm/core/cortex_m/libarch__arm__core__cortex_m.a(isr_wrapper.c.obj)
                              (--whole-archive)
zephyr/arch/arch/arm/core/cortex_m/libarch__arm__core__cortex_m.a(__aeabi_read_tp.S.obj)
                              (--whole-archive)
zephyr/arch/arch/arm/core/cortex_m/cmse/libarch__arm__core__cortex_m__cmse.a(arm_core_cmse.c.obj)
                              (--whole-archive)
zephyr/arch/arch/arm/core/mpu/libarch__arm__core__mpu.a(arm_core_mpu.c.obj)
                              (--whole-archive)
zephyr/arch/arch/arm/core/mpu/libarch__arm__core__mpu.a(arm_mpu.c.obj)
[...]
Memory Configuration

Name             Origin             Length             Attributes
FLASH            0x0000000010000000 0x0000000000200000 xr
RAM              0x0000000030000000 0x0000000000050000 xw
SRAMX            0x0000000014000000 0x0000000000018000 rw
IDT_LIST         0x00000000ffff7fff 0x0000000000008000 xw
*default*        0x0000000000000000 0xffffffffffffffff

Linker script and memory map

                0x0000000010003fb0                vfprintf = __l_vfprintf
                0x0000000000000000                vfscanf = __l_vfscanf
LOAD zephyr/CMakeFiles/zephyr_final.dir/misc/empty_file.c.obj
LOAD zephyr/CMakeFiles/zephyr_final.dir/isr_tables.c.obj
LOAD zephyr/CMakeFiles/offsets.dir/./arch/arm/core/offsets/offsets.c.obj
LOAD app/libapp.a
LOAD zephyr/libzephyr.a
LOAD zephyr/arch/common/libarch__common.a
LOAD zephyr/arch/arch/arm/core/libarch__arm__core.a
LOAD zephyr/arch/arch/arm/core/cortex_m/libarch__arm__core__cortex_m.a
LOAD zephyr/arch/arch/arm/core/cortex_m/cmse/libarch__arm__core__cortex_m__cmse.a
LOAD zephyr/arch/arch/arm/core/mpu/libarch__arm__core__mpu.a
LOAD zephyr/lib/libc/picolibc/liblib__libc__picolibc.a
LOAD zephyr/lib/libc/common/liblib__libc__common.a
LOAD zephyr/lib/posix/c_lib_ext/liblib__posix__c_lib_ext.a
LOAD zephyr/boards/nxp/frdm_mcxn947/libboards__nxp__frdm_mcxn947.a
LOAD zephyr/drivers/clock_control/libdrivers__clock_control.a
LOAD zephyr/drivers/console/libdrivers__console.a
LOAD zephyr/drivers/gpio/libdrivers__gpio.a
LOAD zephyr/drivers/mfd/libdrivers__mfd.a
LOAD zephyr/drivers/pinctrl/libdrivers__pinctrl.a
LOAD zephyr/drivers/serial/libdrivers__serial.a
LOAD zephyr/drivers/timer/libdrivers__timer.a
LOAD modules/hal_nxp/libmodules__hal_nxp.a
LOAD zephyr/kernel/libkernel.a
LOAD zephyr/arch/common/libisr_tables.a
LOAD c:\users\jbenoit\zephyr-sdk-0.17.4\arm-zephyr-eabi\bin\../lib/gcc/../../picolibc/arm-zephyr-eabi/lib/thumb/v8-m.main/nofp\libc.a
LOAD c:/users/jbenoit/zephyr-sdk-0.17.4/arm-zephyr-eabi/bin/../lib/gcc/arm-zephyr-eabi/12.2.0/thumb/v8-m.main/nofp\libgcc.a
                0x0000000000000020                _region_min_align = 0x20

.rel.plt        0x0000000010000000        0x0
 *(SORT_BY_ALIGNMENT(.rel.plt))
                [!provide]                        PROVIDE (__rel_iplt_start = .)
 *(SORT_BY_ALIGNMENT(.rel.iplt))
 .rel.iplt      0x0000000010000000        0x0 zephyr/CMakeFiles/zephyr_final.dir/isr_tables.c.obj
                [!provide]                        PROVIDE (__rel_iplt_end = .)

.rela.plt       0x0000000000000000        0x0
 *(SORT_BY_ALIGNMENT(.rela.plt))
                [!provide]                        PROVIDE (__rela_iplt_start = .)
 *(SORT_BY_ALIGNMENT(.rela.iplt))
                [!provide]                        PROVIDE (__rela_iplt_end = .)

.rel.dyn
 *(SORT_BY_ALIGNMENT(.rel.*))

.rela.dyn
 *(SORT_BY_ALIGNMENT(.rela.*))

/DISCARD/
 *(SORT_BY_ALIGNMENT(.plt))

/DISCARD/
 *(SORT_BY_ALIGNMENT(.iplt))
                0x0000000010000000                __rom_region_start = 0x10000000

rom_start       0x0000000010000000      0x2b0
                0x0000000010000000                __rom_start_address = .
 FILL mask 0x00
                0x0000000010000000                . = (. + (0x0 - (. - __rom_start_address)))
                0x0000000010000000                . = ALIGN (0x4)
                0x0000000010000000                . = ALIGN (0x80)
                0x0000000010000000                . = ALIGN (0x400)
                0x0000000010000000                _vector_start = .
 *(SORT_BY_ALIGNMENT(.exc_vector_table))
 *(SORT_BY_ALIGNMENT(.exc_vector_table.*))
 .exc_vector_table._vector_table_section
                0x0000000010000000       0x40 zephyr/arch/arch/arm/core/cortex_m/libarch__arm__core__cortex_m.a(vector_table.S.obj)
                0x0000000010000000                _vector_table
 *(SORT_BY_ALIGNMENT(.vectors))
                0x00000000100002b0                _vector_end = .
                0x0000000010000040                . = ALIGN (0x4)
 *(SORT_BY_ALIGNMENT(.gnu.linkonce.irq_vector_table*))
 .gnu.linkonce.irq_vector_table
                0x0000000010000040      0x270 zephyr/CMakeFiles/zephyr_final.dir/isr_tables.c.obj
                0x0000000010000040                _irq_vector_table
                0x00000000100002b0                _vector_end = .

text            0x00000000100002b0     0x533c
                0x00000000100002b0                __text_region_start = .
 *(SORT_BY_ALIGNMENT(.text))
 .text          0x00000000100002b0      0x378 c:/users/jbenoit/zephyr-sdk-0.17.4/arm-zephyr-eabi/bin/../lib/gcc/arm-zephyr-eabi/12.2.0/thumb/v8-m.main/nofp\libgcc.a(_arm_addsubdf3.o)
                0x00000000100002b0                __aeabi_drsub
                0x00000000100002b8                __aeabi_dsub
                0x00000000100002b8                __subdf3
                0x00000000100002bc                __aeabi_dadd
                0x00000000100002bc                __adddf3
                0x0000000010000534                __floatunsidf
                0x0000000010000534                __aeabi_ui2d
                0x0000000010000554                __floatsidf
                0x0000000010000554                __aeabi_i2d
                0x0000000010000578                __aeabi_f2d
                0x0000000010000578                __extendsfdf2
                0x00000000100005bc                __floatundidf
                0x00000000100005bc                __aeabi_ul2d
                0x00000000100005cc                __floatdidf
                0x00000000100005cc                __aeabi_l2d
 .text          0x0000000010000628      0x424 c:/users/jbenoit/zephyr-sdk-0.17.4/arm-zephyr-eabi/bin/../lib/gcc/arm-zephyr-eabi/12.2.0/thumb/v8-m.main/nofp\libgcc.a(_arm_muldivdf3.o)
                0x0000000010000628                __aeabi_dmul
                0x0000000010000628                __muldf3
                0x000000001000087c                __divdf3
                0x000000001000087c                __aeabi_ddiv
 .text          0x0000000010000a4c      0x21c c:/users/jbenoit/zephyr-sdk-0.17.4/arm-zephyr-eabi/bin/../lib/gcc/arm-zephyr-eabi/12.2.0/thumb/v8-m.main/nofp\libgcc.a(_arm_addsubsf3.o)
                0x0000000010000a4c                __aeabi_frsub
                0x0000000010000a54                __subsf3
                0x0000000010000a54                __aeabi_fsub
                0x0000000010000a58                __aeabi_fadd
                0x0000000010000a58                __addsf3
                0x0000000010000bb8                __aeabi_ui2f
                0x0000000010000bb8                __floatunsisf
                0x0000000010000bc0                __aeabi_i2f
                0x0000000010000bc0                __floatsisf
                0x0000000010000bdc                __aeabi_ul2f
                0x0000000010000bdc                __floatundisf
                0x0000000010000bec                __aeabi_l2f
                0x0000000010000bec                __floatdisf
 .text          0x0000000010000c68      0x2a0 c:/users/jbenoit/zephyr-sdk-0.17.4/arm-zephyr-eabi/bin/../lib/gcc/arm-zephyr-eabi/12.2.0/thumb/v8-m.main/nofp\libgcc.a(_arm_muldivsf3.o)
                0x0000000010000c68                __mulsf3
                0x0000000010000c68                __aeabi_fmul
                0x0000000010000dd0                __aeabi_fdiv
                0x0000000010000dd0                __divsf3
 .text          0x0000000010000f08       0x40 c:/users/jbenoit/zephyr-sdk-0.17.4/arm-zephyr-eabi/bin/../lib/gcc/arm-zephyr-eabi/12.2.0/thumb/v8-m.main/nofp\libgcc.a(_arm_fixunssfsi.o)
                0x0000000010000f08                __fixunssfsi
                0x0000000010000f08                __aeabi_f2uiz
 .text          0x0000000010000f48       0x30 c:/users/jbenoit/zephyr-sdk-0.17.4/arm-zephyr-eabi/bin/../lib/gcc/arm-zephyr-eabi/12.2.0/thumb/v8-m.main/nofp\libgcc.a(_aeabi_uldivmod.o)
                0x0000000010000f48                __aeabi_uldivmod
 .text          0x0000000010000f78       0x40 c:/users/jbenoit/zephyr-sdk-0.17.4/arm-zephyr-eabi/bin/../lib/gcc/arm-zephyr-eabi/12.2.0/thumb/v8-m.main/nofp\libgcc.a(_fixunssfdi.o)
                0x0000000010000f78                __fixunssfdi
                0x0000000010000f78                __aeabi_f2ulz
 .text          0x0000000010000fb8        0x4 c:/users/jbenoit/zephyr-sdk-0.17.4/arm-zephyr-eabi/bin/../lib/gcc/arm-zephyr-eabi/12.2.0/thumb/v8-m.main/nofp\libgcc.a(_dvmd_tls.o)
                0x0000000010000fb8                __aeabi_idiv0
                0x0000000010000fb8                __aeabi_ldiv0
 .text          0x0000000010000fbc       0x40 c:/users/jbenoit/zephyr-sdk-0.17.4/arm-zephyr-eabi/bin/../lib/gcc/arm-zephyr-eabi/12.2.0/thumb/v8-m.main/nofp\libgcc.a(_arm_fixunsdfsi.o)
                0x0000000010000fbc                __aeabi_d2uiz
                0x0000000010000fbc                __fixunsdfsi
 .text          0x0000000010000ffc      0x29c c:/users/jbenoit/zephyr-sdk-0.17.4/arm-zephyr-eabi/bin/../lib/gcc/arm-zephyr-eabi/12.2.0/thumb/v8-m.main/nofp\libgcc.a(_udivmoddi4.o)
                0x0000000010000ffc                __udivmoddi4
 *(SORT_BY_ALIGNMENT(.text.*))
 .text.main     0x0000000010001298       0x74 app/libapp.a(main.c.obj)
                0x0000000010001298                main
 .text.char_out
                0x000000001000130c        0xc zephyr/libzephyr.a(printk.c.obj)
 .text.__printk_hook_install
                0x0000000010001318        0xc zephyr/libzephyr.a(printk.c.obj)
                0x0000000010001318                __printk_hook_install
 .text.vprintk  0x0000000010001324       0x30 zephyr/libzephyr.a(printk.c.obj)
                0x0000000010001324                vprintk
 .text.z_thread_entry
                0x0000000010001354       0x34 zephyr/libzephyr.a(thread_entry.c.obj)
                0x0000000010001354                z_thread_entry
 .text.mem_attr_get_regions
                0x0000000010001388        0xc zephyr/libzephyr.a(mem_attr.c.obj)
                0x0000000010001388                mem_attr_get_regions
 .text.arch_bss_zero
                0x0000000010001394       0x18 zephyr/arch/common/libarch__common.a(init.c.obj)
                0x0000000010001394                arch_bss_zero
 .text.arch_data_copy
                0x00000000100013ac       0x38 zephyr/arch/common/libarch__common.a(xip.c.obj)
                0x00000000100013ac                arch_data_copy
 .text.z_arm_fatal_error
                0x00000000100013e4       0x60 zephyr/arch/arch/arm/core/libarch__arm__core.a(fatal.c.obj)
                0x00000000100013e4                z_arm_fatal_error
 .text.z_SysNmiOnReset
                0x0000000010001444        0x8 zephyr/arch/arch/arm/core/libarch__arm__core.a(nmi_on_reset.S.obj)
                0x0000000010001444                z_SysNmiOnReset
 .text.arch_tls_stack_setup
                0x000000001000144c       0x40 zephyr/arch/arch/arm/core/libarch__arm__core.a(tls.c.obj)
                0x000000001000144c                arch_tls_stack_setup
 .text._HandlerModeExit
                0x000000001000148c       0x20 zephyr/arch/arch/arm/core/cortex_m/libarch__arm__core__cortex_m.a(exc_exit.c.obj)
                0x000000001000148c                z_arm_int_exit
                0x000000001000148c                z_arm_exc_exit
 .text.secure_fault.constprop.0
                0x00000000100014ac       0xd4 zephyr/arch/arch/arm/core/cortex_m/libarch__arm__core__cortex_m.a(fault.c.obj)
 .text.usage_fault.constprop.0
                0x0000000010001580       0xa8 zephyr/arch/arch/arm/core/cortex_m/libarch__arm__core__cortex_m.a(fault.c.obj)
 .text.bus_fault.constprop.0
                0x0000000010001628       0xb8 zephyr/arch/arch/arm/core/cortex_m/libarch__arm__core__cortex_m.a(fault.c.obj)
 .text.mem_manage_fault.constprop.0
                0x00000000100016e0       0xbc zephyr/arch/arch/arm/core/cortex_m/libarch__arm__core__cortex_m.a(fault.c.obj)
 .text.z_arm_fault
                0x000000001000179c      0x1e8 zephyr/arch/arch/arm/core/cortex_m/libarch__arm__core__cortex_m.a(fault.c.obj)
                0x000000001000179c                z_arm_fault
 .text.z_arm_fault_init
                0x0000000010001984       0x20 zephyr/arch/arch/arm/core/cortex_m/libarch__arm__core__cortex_m.a(fault.c.obj)
                0x0000000010001984                z_arm_fault_init
 .text.__fault  0x00000000100019a4       0x14 zephyr/arch/arch/arm/core/cortex_m/libarch__arm__core__cortex_m.a(fault_s.S.obj)
                0x00000000100019a4                z_arm_bus_fault
                0x00000000100019a4                z_arm_usage_fault
                0x00000000100019a4                z_arm_mpu_fault
                0x00000000100019a4                z_arm_exc_spurious
                0x00000000100019a4                z_arm_debug_monitor
                0x00000000100019a4                z_arm_hard_fault
                0x00000000100019a4                z_arm_secure_fault
 .text._reset_section
                0x00000000100019b8       0x38 zephyr/arch/arch/arm/core/cortex_m/libarch__arm__core__cortex_m.a(reset.S.obj)
                0x00000000100019b8                __start
                0x00000000100019b8                z_arm_reset
 .text.z_impl_k_thread_abort
                0x00000000100019f0       0x2c zephyr/arch/arch/arm/core/cortex_m/libarch__arm__core__cortex_m.a(thread_abort.c.obj)
                0x00000000100019f0                z_impl_k_thread_abort
 .text.z_arm_pendsv
                0x0000000010001a1c       0x60 zephyr/arch/arch/arm/core/cortex_m/libarch__arm__core__cortex_m.a(swap_helper.S.obj)
                0x0000000010001a1c                z_arm_pendsv
 .text.z_arm_svc
                0x0000000010001a7c       0x24 zephyr/arch/arch/arm/core/cortex_m/libarch__arm__core__cortex_m.a(swap_helper.S.obj)
                0x0000000010001a7c                z_arm_svc
 .text.arm_irq_enable
                0x0000000010001aa0       0x1c zephyr/arch/arch/arm/core/cortex_m/libarch__arm__core__cortex_m.a(irq_manage.c.obj)
                0x0000000010001aa0                arm_irq_enable
 .text.arm_irq_priority_set
                0x0000000010001abc       0x2c zephyr/arch/arch/arm/core/cortex_m/libarch__arm__core__cortex_m.a(irq_manage.c.obj)
                0x0000000010001abc                arm_irq_priority_set
 .text.relocate_vector_table
                0x0000000010001ae8       0x1c zephyr/arch/arch/arm/core/cortex_m/libarch__arm__core__cortex_m.a(prep_c.c.obj)
                0x0000000010001ae8                relocate_vector_table
 .text.z_prep_c
                0x0000000010001b04       0x38 zephyr/arch/arch/arm/core/cortex_m/libarch__arm__core__cortex_m.a(prep_c.c.obj)
                0x0000000010001b04                z_prep_c
 .text.arch_new_thread
                0x0000000010001b3c       0x38 zephyr/arch/arch/arm/core/cortex_m/libarch__arm__core__cortex_m.a(thread.c.obj)
                0x0000000010001b3c                arch_new_thread
 .text.arch_switch_to_main_thread
                0x0000000010001b74       0x40 zephyr/arch/arch/arm/core/cortex_m/libarch__arm__core__cortex_m.a(thread.c.obj)
                0x0000000010001b74                arch_switch_to_main_thread
 .text.z_arm_cpu_idle_init
                0x0000000010001bb4        0xc zephyr/arch/arch/arm/core/cortex_m/libarch__arm__core__cortex_m.a(cpu_idle.c.obj)
                0x0000000010001bb4                z_arm_cpu_idle_init
 .text.z_arm_interrupt_init
                0x0000000010001bc0       0x18 zephyr/arch/arch/arm/core/cortex_m/libarch__arm__core__cortex_m.a(irq_init.c.obj)
                0x0000000010001bc0                z_arm_interrupt_init
 .text._isr_wrapper
                0x0000000010001bd8       0x24 zephyr/arch/arch/arm/core/cortex_m/libarch__arm__core__cortex_m.a(isr_wrapper.c.obj)
                0x0000000010001bd8                _isr_wrapper
 .text.z_arm_configure_static_mpu_regions
                0x0000000010001bfc       0x38 zephyr/arch/arch/arm/core/mpu/libarch__arm__core__mpu.a(arm_core_mpu.c.obj)
                0x0000000010001bfc                z_arm_configure_static_mpu_regions
 .text.region_init
                0x0000000010001c34       0x34 zephyr/arch/arch/arm/core/mpu/libarch__arm__core__mpu.a(arm_mpu.c.obj)
 .text.region_allocate_and_init
                0x0000000010001c68       0x24 zephyr/arch/arch/arm/core/mpu/libarch__arm__core__mpu.a(arm_mpu.c.obj)
 .text.mpu_configure_regions_and_partition.constprop.0
                0x0000000010001c8c      0x148 zephyr/arch/arch/arm/core/mpu/libarch__arm__core__mpu.a(arm_mpu.c.obj)
 .text.arm_core_mpu_enable
                0x0000000010001dd4       0x18 zephyr/arch/arch/arm/core/mpu/libarch__arm__core__mpu.a(arm_mpu.c.obj)
                0x0000000010001dd4                arm_core_mpu_enable
 .text.arm_core_mpu_disable
                0x0000000010001dec       0x14 zephyr/arch/arch/arm/core/mpu/libarch__arm__core__mpu.a(arm_mpu.c.obj)
                0x0000000010001dec                arm_core_mpu_disable
 .text.arm_core_mpu_configure_static_mpu_regions
                0x0000000010001e00       0x14 zephyr/arch/arch/arm/core/mpu/libarch__arm__core__mpu.a(arm_mpu.c.obj)
                0x0000000010001e00                arm_core_mpu_configure_static_mpu_regions
 .text.arm_core_mpu_mark_areas_for_dynamic_regions
                0x0000000010001e14       0xb8 zephyr/arch/arch/arm/core/mpu/libarch__arm__core__mpu.a(arm_mpu.c.obj)
                0x0000000010001e14                arm_core_mpu_mark_areas_for_dynamic_regions
 .text.z_arm_mpu_init
                0x0000000010001ecc      0x144 zephyr/arch/arch/arm/core/mpu/libarch__arm__core__mpu.a(arm_mpu.c.obj)
                0x0000000010001ecc                z_arm_mpu_init
 .text.z_impl_zephyr_fputc
                0x0000000010002010       0x10 zephyr/lib/libc/picolibc/liblib__libc__picolibc.a(stdio.c.obj)
                0x0000000010002010                z_impl_zephyr_fputc
 .text.__stdout_hook_install
                0x0000000010002020       0x18 zephyr/lib/libc/picolibc/liblib__libc__picolibc.a(stdio.c.obj)
                0x0000000010002020                __stdout_hook_install
 .text.malloc_prepare
                0x0000000010002038       0x24 zephyr/lib/libc/common/liblib__libc__common.a(malloc.c.obj)
 .text.power_mode_od
                0x000000001000205c       0x40 zephyr/boards/nxp/frdm_mcxn947/libboards__nxp__frdm_mcxn947.a(board.c.obj)
                0x000000001000205c                power_mode_od
 .text.board_early_init_hook
                0x000000001000209c      0x2c8 zephyr/boards/nxp/frdm_mcxn947/libboards__nxp__frdm_mcxn947.a(board.c.obj)
                0x000000001000209c                board_early_init_hook
 .text.uart_console_init
                0x0000000010002364       0x28 zephyr/drivers/console/libdrivers__console.a(uart_console.c.obj)
 .text.console_out
                0x000000001000238c       0x28 zephyr/drivers/console/libdrivers__console.a(uart_console.c.obj)
 .text.pinctrl_configure_pins
                0x00000000100023b4       0x40 zephyr/drivers/pinctrl/libdrivers__pinctrl.a(pinctrl_nxp_port.c.obj)
                0x00000000100023b4                pinctrl_configure_pins
 .text.mcux_lpuart_config_func_0
                0x00000000100023f4       0x18 zephyr/drivers/serial/libdrivers__serial.a(uart_mcux_lpuart.c.obj)
 .text.mcux_lpuart_config_func_1
                0x000000001000240c       0x18 zephyr/drivers/serial/libdrivers__serial.a(uart_mcux_lpuart.c.obj)
 .text.elapsed  0x0000000010002424       0x4c zephyr/drivers/timer/libdrivers__timer.a(cortex_m_systick.c.obj)
 .text.sys_clock_driver_init
                0x0000000010002470       0x38 zephyr/drivers/timer/libdrivers__timer.a(cortex_m_systick.c.obj)
 .text.sys_clock_isr
                0x00000000100024a8       0x60 zephyr/drivers/timer/libdrivers__timer.a(cortex_m_systick.c.obj)
                0x00000000100024a8                sys_clock_isr
 .text.sys_clock_set_timeout
                0x0000000010002508       0xfc zephyr/drivers/timer/libdrivers__timer.a(cortex_m_systick.c.obj)
                0x0000000010002508                sys_clock_set_timeout
 .text.sys_clock_elapsed
                0x0000000010002604       0x3c zephyr/drivers/timer/libdrivers__timer.a(cortex_m_systick.c.obj)
                0x0000000010002604                sys_clock_elapsed
 .text.LP_FLEXCOMM_GetInterruptStatus
                0x0000000010002640       0x10 modules/hal_nxp/libmodules__hal_nxp.a(fsl_lpflexcomm.c.obj)
                0x0000000010002640                LP_FLEXCOMM_GetInterruptStatus
 .text.LP_FLEXCOMM_GetInstance
                0x0000000010002650       0x24 modules/hal_nxp/libmodules__hal_nxp.a(fsl_lpflexcomm.c.obj)
                0x0000000010002650                LP_FLEXCOMM_GetInstance
 .text.LP_FLEXCOMM_Init
                0x0000000010002674       0xa0 modules/hal_nxp/libmodules__hal_nxp.a(fsl_lpflexcomm.c.obj)
                0x0000000010002674                LP_FLEXCOMM_Init
 .text.LPUART_Init
                0x0000000010002714      0x218 modules/hal_nxp/libmodules__hal_nxp.a(fsl_lpuart.c.obj)
                0x0000000010002714                LPUART_Init
 .text.LPUART_EnableInterrupts
                0x000000001000292c       0x58 modules/hal_nxp/libmodules__hal_nxp.a(fsl_lpuart.c.obj)
                0x000000001000292c                LPUART_EnableInterrupts
 .text.LPUART_DisableInterrupts
                0x0000000010002984       0x60 modules/hal_nxp/libmodules__hal_nxp.a(fsl_lpuart.c.obj)
                0x0000000010002984                LPUART_DisableInterrupts
 .text.LPUART_GetStatusFlags
                0x00000000100029e4       0x34 modules/hal_nxp/libmodules__hal_nxp.a(fsl_lpuart.c.obj)
                0x00000000100029e4                LPUART_GetStatusFlags
 .text.LPUART_ClearStatusFlags
                0x0000000010002a18       0x44 modules/hal_nxp/libmodules__hal_nxp.a(fsl_lpuart.c.obj)
                0x0000000010002a18                LPUART_ClearStatusFlags
 .text.SystemInit
                0x0000000010002a5c       0xdc modules/hal_nxp/libmodules__hal_nxp.a(system_MCXN947_cm33_core0.c.obj)
                0x0000000010002a5c                SystemInit
 .text.CLOCK_GetFro12MFreq
                0x0000000010002b38       0x1c modules/hal_nxp/libmodules__hal_nxp.a(fsl_clock.c.obj)
 .text.CLOCK_GetClk48MFreq
                0x0000000010002b54       0x1c modules/hal_nxp/libmodules__hal_nxp.a(fsl_clock.c.obj)
 .text.CLOCK_GetClk16KFreq
                0x0000000010002b70       0x20 modules/hal_nxp/libmodules__hal_nxp.a(fsl_clock.c.obj)
 .text.CLOCK_GetExtClkFreq
                0x0000000010002b90       0x1c modules/hal_nxp/libmodules__hal_nxp.a(fsl_clock.c.obj)
 .text.CLOCK_GetFroHfFreq
                0x0000000010002bac       0x2c modules/hal_nxp/libmodules__hal_nxp.a(fsl_clock.c.obj)
 .text.CLOCK_GetOsc32KFreq
                0x0000000010002bd8       0x28 modules/hal_nxp/libmodules__hal_nxp.a(fsl_clock.c.obj)
 .text.CLOCK_GetLposcFreq
                0x0000000010002c00       0x18 modules/hal_nxp/libmodules__hal_nxp.a(fsl_clock.c.obj)
 .text.CLOCK_SetupFROHFClocking
                0x0000000010002c18       0x68 modules/hal_nxp/libmodules__hal_nxp.a(fsl_clock.c.obj)
                0x0000000010002c18                CLOCK_SetupFROHFClocking
 .text.CLOCK_SetupExtClocking
                0x0000000010002c80       0xec modules/hal_nxp/libmodules__hal_nxp.a(fsl_clock.c.obj)
                0x0000000010002c80                CLOCK_SetupExtClocking
 .text.CLOCK_SetupClk16KClocking
                0x0000000010002d6c       0x48 modules/hal_nxp/libmodules__hal_nxp.a(fsl_clock.c.obj)
                0x0000000010002d6c                CLOCK_SetupClk16KClocking
 .text.CLOCK_SetPll0MonitorMode
                0x0000000010002db4       0x18 modules/hal_nxp/libmodules__hal_nxp.a(fsl_clock.c.obj)
                0x0000000010002db4                CLOCK_SetPll0MonitorMode
 .text.CLOCK_AttachClk
                0x0000000010002dcc       0x60 modules/hal_nxp/libmodules__hal_nxp.a(fsl_clock.c.obj)
                0x0000000010002dcc                CLOCK_AttachClk
 .text.CLOCK_GetPLL0InClockRate
                0x0000000010002e2c       0x40 modules/hal_nxp/libmodules__hal_nxp.a(fsl_clock.c.obj)
                0x0000000010002e2c                CLOCK_GetPLL0InClockRate
 .text.CLOCK_GetPll0OutFreq
                0x0000000010002e6c       0xf0 modules/hal_nxp/libmodules__hal_nxp.a(fsl_clock.c.obj)
                0x0000000010002e6c                CLOCK_GetPll0OutFreq
 .text.CLOCK_GetPLL1InClockRate
                0x0000000010002f5c       0x2c modules/hal_nxp/libmodules__hal_nxp.a(fsl_clock.c.obj)
                0x0000000010002f5c                CLOCK_GetPLL1InClockRate
 .text.CLOCK_GetPll1OutFreq
                0x0000000010002f88       0xd8 modules/hal_nxp/libmodules__hal_nxp.a(fsl_clock.c.obj)
                0x0000000010002f88                CLOCK_GetPll1OutFreq
 .text.CLOCK_GetLPFlexCommClkFreq
                0x0000000010003060       0x5c modules/hal_nxp/libmodules__hal_nxp.a(fsl_clock.c.obj)
                0x0000000010003060                CLOCK_GetLPFlexCommClkFreq
 .text.CLOCK_SetPLL0Freq
                0x00000000100030bc       0xc4 modules/hal_nxp/libmodules__hal_nxp.a(fsl_clock.c.obj)
                0x00000000100030bc                CLOCK_SetPLL0Freq
 .text.CLOCK_SetPLL1Freq
                0x0000000010003180       0xc4 modules/hal_nxp/libmodules__hal_nxp.a(fsl_clock.c.obj)
                0x0000000010003180                CLOCK_SetPLL1Freq
 .text.CLOCK_GetMainClkFreq
                0x0000000010003244       0x58 modules/hal_nxp/libmodules__hal_nxp.a(fsl_clock.c.obj)
                0x0000000010003244                CLOCK_GetMainClkFreq
 .text.CLOCK_GetSystickClkFreq
                0x000000001000329c       0x4c modules/hal_nxp/libmodules__hal_nxp.a(fsl_clock.c.obj)
 .text.CLOCK_GetFreq
                0x00000000100032e8      0x12c modules/hal_nxp/libmodules__hal_nxp.a(fsl_clock.c.obj)
                0x00000000100032e8                CLOCK_GetFreq
 .text.z_fatal_error
                0x0000000010003414       0x30 zephyr/kernel/libkernel.a(fatal.c.obj)
                0x0000000010003414                z_fatal_error
 .text.z_sys_init_run_level
                0x0000000010003444       0x30 zephyr/kernel/libkernel.a(init.c.obj)
 .text.bg_thread_main
                0x0000000010003474       0xc0 zephyr/kernel/libkernel.a(init.c.obj)
 .text.z_init_cpu
                0x0000000010003534       0x68 zephyr/kernel/libkernel.a(init.c.obj)
                0x0000000010003534                z_init_cpu
 .text.z_cstart
                0x000000001000359c       0xe8 zephyr/kernel/libkernel.a(init.c.obj)
                0x000000001000359c                z_cstart
 .text.z_setup_new_thread
                0x0000000010003684       0x7c zephyr/kernel/libkernel.a(thread.c.obj)
                0x0000000010003684                z_setup_new_thread
 .text.z_dummy_thread_init
                0x0000000010003700       0x18 zephyr/kernel/libkernel.a(thread.c.obj)
                0x0000000010003700                z_dummy_thread_init
 .text.z_swap_irqlock
                0x0000000010003718       0x30 zephyr/kernel/libkernel.a(sched.c.obj)
 .text.ready_thread
                0x0000000010003748       0x84 zephyr/kernel/libkernel.a(sched.c.obj)
 .text.unready_thread
                0x00000000100037cc       0x54 zephyr/kernel/libkernel.a(sched.c.obj)
 .text.move_thread_to_end_of_prio_q
                0x0000000010003820       0x90 zephyr/kernel/libkernel.a(sched.c.obj)
                0x0000000010003820                move_thread_to_end_of_prio_q
 .text.z_reschedule
                0x00000000100038b0       0x24 zephyr/kernel/libkernel.a(sched.c.obj)
                0x00000000100038b0                z_reschedule
 .text.z_reschedule_irqlock
                0x00000000100038d4       0x28 zephyr/kernel/libkernel.a(sched.c.obj)
                0x00000000100038d4                z_reschedule_irqlock
 .text.k_sched_lock
                0x00000000100038fc       0x28 zephyr/kernel/libkernel.a(sched.c.obj)
                0x00000000100038fc                k_sched_lock
 .text.k_sched_unlock
                0x0000000010003924       0x68 zephyr/kernel/libkernel.a(sched.c.obj)
                0x0000000010003924                k_sched_unlock
 .text.z_sched_init
                0x000000001000398c       0x10 zephyr/kernel/libkernel.a(sched.c.obj)
                0x000000001000398c                z_sched_init
 .text.z_impl_k_yield
                0x000000001000399c       0x88 zephyr/kernel/libkernel.a(sched.c.obj)
                0x000000001000399c                z_impl_k_yield
 .text.z_tick_sleep
                0x0000000010003a24       0x78 zephyr/kernel/libkernel.a(sched.c.obj)
 .text.z_impl_k_wakeup
                0x0000000010003a9c       0x48 zephyr/kernel/libkernel.a(sched.c.obj)
                0x0000000010003a9c                z_impl_k_wakeup
 .text.z_impl_k_sched_current_thread_query
                0x0000000010003ae4        0xc zephyr/kernel/libkernel.a(sched.c.obj)
                0x0000000010003ae4                z_impl_k_sched_current_thread_query
 .text.z_thread_abort
                0x0000000010003af0      0x140 zephyr/kernel/libkernel.a(sched.c.obj)
                0x0000000010003af0                z_thread_abort
 .text.slice_timeout
                0x0000000010003c30       0x20 zephyr/kernel/libkernel.a(timeslicing.c.obj)
 .text.thread_is_sliceable
                0x0000000010003c50       0x3c zephyr/kernel/libkernel.a(timeslicing.c.obj)
                0x0000000010003c50                thread_is_sliceable
 .text.z_reset_time_slice
                0x0000000010003c8c       0x50 zephyr/kernel/libkernel.a(timeslicing.c.obj)
                0x0000000010003c8c                z_reset_time_slice
 .text.z_time_slice
                0x0000000010003cdc       0x60 zephyr/kernel/libkernel.a(timeslicing.c.obj)
                0x0000000010003cdc                z_time_slice
 .text.first    0x0000000010003d3c       0x10 zephyr/kernel/libkernel.a(timeout.c.obj)
 .text.elapsed  0x0000000010003d4c       0x14 zephyr/kernel/libkernel.a(timeout.c.obj)
 .text.remove_timeout
                0x0000000010003d60       0x38 zephyr/kernel/libkernel.a(timeout.c.obj)
 .text.z_add_timeout
                0x0000000010003d98      0x120 zephyr/kernel/libkernel.a(timeout.c.obj)
                0x0000000010003d98                z_add_timeout
 .text.sys_clock_announce
                0x0000000010003eb8       0xbc zephyr/kernel/libkernel.a(timeout.c.obj)
                0x0000000010003eb8                sys_clock_announce
 .text.sys_clock_tick_get
                0x0000000010003f74       0x30 zephyr/kernel/libkernel.a(timeout.c.obj)
                0x0000000010003f74                sys_clock_tick_get
 .text.boot_banner
                0x0000000010003fa4        0xc zephyr/kernel/libkernel.a(banner.c.obj)
                0x0000000010003fa4                boot_banner
 .text.__l_vfprintf
                0x0000000010003fb0      0x4b4 c:\users\jbenoit\zephyr-sdk-0.17.4\arm-zephyr-eabi\bin\../lib/gcc/../../picolibc/arm-zephyr-eabi/lib/thumb/v8-m.main/nofp\libc.a(libc_tinystdio_vflprintf.c.o)
                0x0000000010003fb0                __l_vfprintf
 .text._OffsetAbsSyms
                0x0000000010004464        0x2 zephyr/CMakeFiles/offsets.dir/./arch/arm/core/offsets/offsets.c.obj
                0x0000000010004464                _OffsetAbsSyms
 .text.chunk_field
                0x0000000010004466       0x16 zephyr/libzephyr.a(heap.c.obj)
 .text.chunk_set
                0x000000001000447c       0x16 zephyr/libzephyr.a(heap.c.obj)
 .text.chunk_size
                0x0000000010004492        0xc zephyr/libzephyr.a(heap.c.obj)
 .text.set_chunk_used
                0x000000001000449e       0x30 zephyr/libzephyr.a(heap.c.obj)
 .text.set_chunk_size
                0x00000000100044ce        0x8 zephyr/libzephyr.a(heap.c.obj)
 .text.bucket_idx
                0x00000000100044d6       0x1e zephyr/libzephyr.a(heap.c.obj)
 .text.free_list_add
                0x00000000100044f4       0x84 zephyr/libzephyr.a(heap.c.obj)
 .text.sys_heap_init
                0x0000000010004578       0xb0 zephyr/libzephyr.a(heap.c.obj)
                0x0000000010004578                sys_heap_init
 .text.arch_printk_char_out
                0x0000000010004628        0x4 zephyr/libzephyr.a(printk.c.obj)
                0x0000000010004628                arch_printk_char_out
 .text.printk   0x000000001000462c       0x1a zephyr/libzephyr.a(printk.c.obj)
                0x000000001000462c                printk
 .text._ConfigAbsSyms
                0x0000000010004646        0x2 zephyr/libzephyr.a(configs.c.obj)
                0x0000000010004646                _ConfigAbsSyms
 .text.soc_reset_hook
                0x0000000010004648        0x4 zephyr/libzephyr.a(soc.c.obj)
                0x0000000010004648                soc_reset_hook
 .text.arch_early_memset
                0x000000001000464c        0x4 zephyr/arch/common/libarch__common.a(init.c.obj)
                0x000000001000464c                arch_early_memset
 .text.arch_early_memcpy
                0x0000000010004650        0x4 zephyr/arch/common/libarch__common.a(init.c.obj)
                0x0000000010004650                arch_early_memcpy
 .text.z_do_kernel_oops
                0x0000000010004654        0x8 zephyr/arch/arch/arm/core/libarch__arm__core.a(fatal.c.obj)
                0x0000000010004654                z_do_kernel_oops
 .text.z_arm_nmi
                0x000000001000465c        0xe zephyr/arch/arch/arm/core/libarch__arm__core.a(nmi.c.obj)
                0x000000001000465c                z_arm_nmi
 .text.z_irq_spurious
                0x000000001000466a        0x8 zephyr/arch/arch/arm/core/cortex_m/libarch__arm__core__cortex_m.a(irq_manage.c.obj)
                0x000000001000466a                z_irq_spurious
 .text.configure_builtin_stack_guard
                0x0000000010004672        0x8 zephyr/arch/arch/arm/core/cortex_m/libarch__arm__core__cortex_m.a(thread.c.obj)
                0x0000000010004672                configure_builtin_stack_guard
 .text.arch_coprocessors_disable
                0x000000001000467a        0x6 zephyr/arch/arch/arm/core/cortex_m/libarch__arm__core__cortex_m.a(thread.c.obj)
                0x000000001000467a                arch_coprocessors_disable
 .text.arch_irq_unlock_outlined
                0x0000000010004680        0xe zephyr/arch/arch/arm/core/cortex_m/libarch__arm__core__cortex_m.a(thread.c.obj)
                0x0000000010004680                arch_irq_unlock_outlined
 .text.arch_cpu_idle
                0x000000001000468e       0x1a zephyr/arch/arch/arm/core/cortex_m/libarch__arm__core__cortex_m.a(cpu_idle.c.obj)
                0x000000001000468e                arch_cpu_idle
 .text.arm_cmse_mpu_region_get
                0x00000000100046a8       0x12 zephyr/arch/arch/arm/core/cortex_m/cmse/libarch__arm__core__cortex_m__cmse.a(arm_core_cmse.c.obj)
                0x00000000100046a8                arm_cmse_mpu_region_get
 .text.mpu_configure_region
                0x00000000100046ba       0x32 zephyr/arch/arch/arm/core/mpu/libarch__arm__core__mpu.a(arm_mpu.c.obj)
 .text.picolibc_put
                0x00000000100046ec        0xa zephyr/lib/libc/picolibc/liblib__libc__picolibc.a(stdio.c.obj)
 .text.mcux_lpc_syscon_clock_control_off
                0x00000000100046f6        0x4 zephyr/drivers/clock_control/libdrivers__clock_control.a(clock_control_mcux_syscon.c.obj)
 .text.mcux_lpc_syscon_clock_control_set_subsys_rate
                0x00000000100046fa        0x6 zephyr/drivers/clock_control/libdrivers__clock_control.a(clock_control_mcux_syscon.c.obj)
 .text.mcux_lpc_syscon_clock_control_configure
                0x0000000010004700        0x4 zephyr/drivers/clock_control/libdrivers__clock_control.a(clock_control_mcux_syscon.c.obj)
 .text.mcux_lpc_syscon_clock_control_get_subsys_rate
                0x0000000010004704       0x9c zephyr/drivers/clock_control/libdrivers__clock_control.a(clock_control_mcux_syscon.c.obj)
 .text.mcux_lpc_syscon_clock_control_on
                0x00000000100047a0       0x7c zephyr/drivers/clock_control/libdrivers__clock_control.a(clock_control_mcux_syscon.c.obj)
 .text.gpio_mcux_port_configure
                0x000000001000481c       0xa0 zephyr/drivers/gpio/libdrivers__gpio.a(gpio_mcux.c.obj)
 .text.gpio_mcux_port_get_raw
                0x00000000100048bc        0xc zephyr/drivers/gpio/libdrivers__gpio.a(gpio_mcux.c.obj)
 .text.gpio_mcux_port_set_masked_raw
                0x00000000100048c8       0x12 zephyr/drivers/gpio/libdrivers__gpio.a(gpio_mcux.c.obj)
 .text.gpio_mcux_port_set_bits_raw
                0x00000000100048da        0xa zephyr/drivers/gpio/libdrivers__gpio.a(gpio_mcux.c.obj)
 .text.gpio_mcux_port_clear_bits_raw
                0x00000000100048e4        0xa zephyr/drivers/gpio/libdrivers__gpio.a(gpio_mcux.c.obj)
 .text.gpio_mcux_port_toggle_bits
                0x00000000100048ee        0xa zephyr/drivers/gpio/libdrivers__gpio.a(gpio_mcux.c.obj)
 .text.gpio_mcux_manage_callback
                0x00000000100048f8       0x52 zephyr/drivers/gpio/libdrivers__gpio.a(gpio_mcux.c.obj)
 .text.gpio_mcux_port0_init
                0x000000001000494a       0x16 zephyr/drivers/gpio/libdrivers__gpio.a(gpio_mcux.c.obj)
 .text.gpio_mcux_port1_init
                0x0000000010004960       0x16 zephyr/drivers/gpio/libdrivers__gpio.a(gpio_mcux.c.obj)
 .text.gpio_mcux_port2_init
                0x0000000010004976       0x16 zephyr/drivers/gpio/libdrivers__gpio.a(gpio_mcux.c.obj)
 .text.gpio_mcux_port3_init
                0x000000001000498c       0x16 zephyr/drivers/gpio/libdrivers__gpio.a(gpio_mcux.c.obj)
 .text.gpio_mcux_port4_init
                0x00000000100049a2       0x16 zephyr/drivers/gpio/libdrivers__gpio.a(gpio_mcux.c.obj)
 .text.gpio_mcux_port5_init
                0x00000000100049b8       0x16 zephyr/drivers/gpio/libdrivers__gpio.a(gpio_mcux.c.obj)
 .text.gpio_mcux_pin_interrupt_configure
                0x00000000100049ce       0x76 zephyr/drivers/gpio/libdrivers__gpio.a(gpio_mcux.c.obj)
 .text.gpio_mcux_port_isr
                0x0000000010004a44       0x36 zephyr/drivers/gpio/libdrivers__gpio.a(gpio_mcux.c.obj)
 .text.nxp_lp_flexcomm_isr
                0x0000000010004a7a       0x44 zephyr/drivers/mfd/libdrivers__mfd.a(mfd_nxp_lp_flexcomm.c.obj)
                0x0000000010004a7a                nxp_lp_flexcomm_isr
 .text.nxp_lp_flexcomm_init
                0x0000000010004abe       0x7a zephyr/drivers/mfd/libdrivers__mfd.a(mfd_nxp_lp_flexcomm.c.obj)
 .text.nxp_lp_flexcomm_config_func_0
                0x0000000010004b38       0x16 zephyr/drivers/mfd/libdrivers__mfd.a(mfd_nxp_lp_flexcomm.c.obj)
 .text.nxp_lp_flexcomm_config_func_1
                0x0000000010004b4e       0x16 zephyr/drivers/mfd/libdrivers__mfd.a(mfd_nxp_lp_flexcomm.c.obj)
 .text.nxp_lp_flexcomm_config_func_2
                0x0000000010004b64       0x16 zephyr/drivers/mfd/libdrivers__mfd.a(mfd_nxp_lp_flexcomm.c.obj)
 .text.nxp_lp_flexcomm_config_func_3
                0x0000000010004b7a       0x16 zephyr/drivers/mfd/libdrivers__mfd.a(mfd_nxp_lp_flexcomm.c.obj)
 .text.nxp_lp_flexcomm_config_func_4
                0x0000000010004b90       0x16 zephyr/drivers/mfd/libdrivers__mfd.a(mfd_nxp_lp_flexcomm.c.obj)
 .text.nxp_lp_flexcomm_config_func_5
                0x0000000010004ba6       0x16 zephyr/drivers/mfd/libdrivers__mfd.a(mfd_nxp_lp_flexcomm.c.obj)
 .text.nxp_lp_flexcomm_setirqhandler
                0x0000000010004bbc       0x12 zephyr/drivers/mfd/libdrivers__mfd.a(mfd_nxp_lp_flexcomm.c.obj)
                0x0000000010004bbc                nxp_lp_flexcomm_setirqhandler
 .text.pinctrl_lookup_state
                0x0000000010004bce       0x26 zephyr/drivers/pinctrl/libdrivers__pinctrl.a(common.c.obj)
                0x0000000010004bce                pinctrl_lookup_state
 .text.pinctrl_mcux_init
                0x0000000010004bf4       0x26 zephyr/drivers/pinctrl/libdrivers__pinctrl.a(pinctrl_nxp_port.c.obj)
 .text.mcux_lpuart_irq_update
                0x0000000010004c1a        0x4 zephyr/drivers/serial/libdrivers__serial.a(uart_mcux_lpuart.c.obj)
 .text.mcux_lpuart_irq_callback_set
                0x0000000010004c1e        0x8 zephyr/drivers/serial/libdrivers__serial.a(uart_mcux_lpuart.c.obj)
 .text.mcux_lpuart_config_get
                0x0000000010004c26       0x10 zephyr/drivers/serial/libdrivers__serial.a(uart_mcux_lpuart.c.obj)
 .text.mcux_lpuart_irq_err_disable
                0x0000000010004c36        0xc zephyr/drivers/serial/libdrivers__serial.a(uart_mcux_lpuart.c.obj)
 .text.mcux_lpuart_irq_rx_disable
                0x0000000010004c42        0xc zephyr/drivers/serial/libdrivers__serial.a(uart_mcux_lpuart.c.obj)
 .text.mcux_lpuart_irq_tx_disable
                0x0000000010004c4e        0xc zephyr/drivers/serial/libdrivers__serial.a(uart_mcux_lpuart.c.obj)
 .text.mcux_lpuart_irq_err_enable
                0x0000000010004c5a        0xc zephyr/drivers/serial/libdrivers__serial.a(uart_mcux_lpuart.c.obj)
 .text.mcux_lpuart_irq_rx_enable
                0x0000000010004c66        0xc zephyr/drivers/serial/libdrivers__serial.a(uart_mcux_lpuart.c.obj)
 .text.mcux_lpuart_irq_tx_enable
                0x0000000010004c72        0xc zephyr/drivers/serial/libdrivers__serial.a(uart_mcux_lpuart.c.obj)
 .text.mcux_lpuart_irq_rx_full
                0x0000000010004c7e       0x10 zephyr/drivers/serial/libdrivers__serial.a(uart_mcux_lpuart.c.obj)
 .text.mcux_lpuart_irq_tx_complete
                0x0000000010004c8e       0x10 zephyr/drivers/serial/libdrivers__serial.a(uart_mcux_lpuart.c.obj)
 .text.mcux_lpuart_irq_tx_ready
                0x0000000010004c9e       0x1e zephyr/drivers/serial/libdrivers__serial.a(uart_mcux_lpuart.c.obj)
 .text.mcux_lpuart_irq_is_pending
                0x0000000010004cbc       0x2c zephyr/drivers/serial/libdrivers__serial.a(uart_mcux_lpuart.c.obj)
 .text.mcux_lpuart_fifo_read
                0x0000000010004ce8       0x48 zephyr/drivers/serial/libdrivers__serial.a(uart_mcux_lpuart.c.obj)
 .text.mcux_lpuart_fifo_fill
                0x0000000010004d30       0x28 zephyr/drivers/serial/libdrivers__serial.a(uart_mcux_lpuart.c.obj)
 .text.mcux_lpuart_poll_out
                0x0000000010004d58       0x2c zephyr/drivers/serial/libdrivers__serial.a(uart_mcux_lpuart.c.obj)
 .text.mcux_lpuart_err_check
                0x0000000010004d84       0x34 zephyr/drivers/serial/libdrivers__serial.a(uart_mcux_lpuart.c.obj)
 .text.mcux_lpuart_isr
                0x0000000010004db8       0x2e zephyr/drivers/serial/libdrivers__serial.a(uart_mcux_lpuart.c.obj)
 .text.pinctrl_apply_state
                0x0000000010004de6       0x1e zephyr/drivers/serial/libdrivers__serial.a(uart_mcux_lpuart.c.obj)
 .text.mcux_lpuart_config_pinctrl.isra.0
                0x0000000010004e04       0x20 zephyr/drivers/serial/libdrivers__serial.a(uart_mcux_lpuart.c.obj)
 .text.mcux_lpuart_configure_init
                0x0000000010004e24      0x154 zephyr/drivers/serial/libdrivers__serial.a(uart_mcux_lpuart.c.obj)
 .text.mcux_lpuart_init
                0x0000000010004f78       0x38 zephyr/drivers/serial/libdrivers__serial.a(uart_mcux_lpuart.c.obj)
 .text.mcux_lpuart_configure
                0x0000000010004fb0       0x30 zephyr/drivers/serial/libdrivers__serial.a(uart_mcux_lpuart.c.obj)
 .text.mcux_lpuart_poll_in
                0x0000000010004fe0       0x40 zephyr/drivers/serial/libdrivers__serial.a(uart_mcux_lpuart.c.obj)
 .text.SPC_SetSRAMOperateVoltage
                0x0000000010005020       0x24 modules/hal_nxp/libmodules__hal_nxp.a(fsl_spc.c.obj)
                0x0000000010005020                SPC_SetSRAMOperateVoltage
 .text.SPC_SetActiveModeCoreLDORegulatorVoltageLevel
                0x0000000010005044       0x38 modules/hal_nxp/libmodules__hal_nxp.a(fsl_spc.c.obj)
                0x0000000010005044                SPC_SetActiveModeCoreLDORegulatorVoltageLevel
 .text.SPC_SetActiveModeCoreLDORegulatorDriveStrength
                0x000000001000507c       0x3c modules/hal_nxp/libmodules__hal_nxp.a(fsl_spc.c.obj)
                0x000000001000507c                SPC_SetActiveModeCoreLDORegulatorDriveStrength
 .text.SPC_SetActiveModeCoreLDORegulatorConfig
                0x00000000100050b8       0x60 modules/hal_nxp/libmodules__hal_nxp.a(fsl_spc.c.obj)
                0x00000000100050b8                SPC_SetActiveModeCoreLDORegulatorConfig
 .text.SPC_SetActiveModeDCDCRegulatorDriveStrength
                0x0000000010005118       0x2c modules/hal_nxp/libmodules__hal_nxp.a(fsl_spc.c.obj)
                0x0000000010005118                SPC_SetActiveModeDCDCRegulatorDriveStrength
 .text.SPC_SetActiveModeDCDCRegulatorConfig
                0x0000000010005144       0x38 modules/hal_nxp/libmodules__hal_nxp.a(fsl_spc.c.obj)
                0x0000000010005144                SPC_SetActiveModeDCDCRegulatorConfig
 .text.LPUART_Deinit
                0x000000001000517c       0x20 modules/hal_nxp/libmodules__hal_nxp.a(fsl_lpuart.c.obj)
                0x000000001000517c                LPUART_Deinit
 .text.LPUART_GetDefaultConfig
                0x000000001000519c       0x16 modules/hal_nxp/libmodules__hal_nxp.a(fsl_lpuart.c.obj)
                0x000000001000519c                LPUART_GetDefaultConfig
 .text.LPUART_GetEnabledInterrupts
                0x00000000100051b2       0x44 modules/hal_nxp/libmodules__hal_nxp.a(fsl_lpuart.c.obj)
                0x00000000100051b2                LPUART_GetEnabledInterrupts
 .text.SystemInitHook
                0x00000000100051f6        0x2 modules/hal_nxp/libmodules__hal_nxp.a(system_MCXN947_cm33_core0.c.obj)
                0x00000000100051f6                SystemInitHook
 .text.CLOCK_SetClkDiv
                0x00000000100051f8       0x22 modules/hal_nxp/libmodules__hal_nxp.a(fsl_clock.c.obj)
                0x00000000100051f8                CLOCK_SetClkDiv
 .text.CLOCK_GetPllClkDivFreq
                0x000000001000521a       0x3c modules/hal_nxp/libmodules__hal_nxp.a(fsl_clock.c.obj)
                0x000000001000521a                CLOCK_GetPllClkDivFreq
 .text.CLOCK_GetUsdhcClkFreq
                0x0000000010005256       0x58 modules/hal_nxp/libmodules__hal_nxp.a(fsl_clock.c.obj)
                0x0000000010005256                CLOCK_GetUsdhcClkFreq
 .text.CLOCK_GetCoreSysClkFreq
                0x00000000100052ae       0x24 modules/hal_nxp/libmodules__hal_nxp.a(fsl_clock.c.obj)
                0x00000000100052ae                CLOCK_GetCoreSysClkFreq
 .text.RESET_SetPeripheralReset
                0x00000000100052d2       0x26 modules/hal_nxp/libmodules__hal_nxp.a(fsl_reset.c.obj)
                0x00000000100052d2                RESET_SetPeripheralReset
 .text.RESET_ClearPeripheralReset
                0x00000000100052f8       0x28 modules/hal_nxp/libmodules__hal_nxp.a(fsl_reset.c.obj)
                0x00000000100052f8                RESET_ClearPeripheralReset
 .text.RESET_PeripheralReset
                0x0000000010005320       0x16 modules/hal_nxp/libmodules__hal_nxp.a(fsl_reset.c.obj)
                0x0000000010005320                RESET_PeripheralReset
 .text.do_device_init
                0x0000000010005336       0x30 zephyr/kernel/libkernel.a(device.c.obj)
                0x0000000010005336                do_device_init
 .text.z_impl_device_is_ready
                0x0000000010005366       0x16 zephyr/kernel/libkernel.a(device.c.obj)
                0x0000000010005366                z_impl_device_is_ready
 .text.arch_system_halt
                0x000000001000537c       0x10 zephyr/kernel/libkernel.a(fatal.c.obj)
                0x000000001000537c                arch_system_halt
 .text.k_sys_fatal_error_handler
                0x000000001000538c        0x6 zephyr/kernel/libkernel.a(fatal.c.obj)
                0x000000001000538c                k_sys_fatal_error_handler
 .text.idle     0x0000000010005392       0x16 zephyr/kernel/libkernel.a(idle.c.obj)
                0x0000000010005392                idle
 .text.sys_dlist_remove
                0x00000000100053a8       0x10 zephyr/kernel/libkernel.a(sched.c.obj)
 .text.unpend_thread_no_timeout
                0x00000000100053b8       0x14 zephyr/kernel/libkernel.a(sched.c.obj)
 .text.z_ready_thread
                0x00000000100053cc       0x1e zephyr/kernel/libkernel.a(sched.c.obj)
                0x00000000100053cc                z_ready_thread
 .text.z_sched_wake_thread
                0x00000000100053ea       0x3a zephyr/kernel/libkernel.a(sched.c.obj)
                0x00000000100053ea                z_sched_wake_thread
 .text.z_thread_timeout
                0x0000000010005424        0x8 zephyr/kernel/libkernel.a(sched.c.obj)
                0x0000000010005424                z_thread_timeout
 .text.z_impl_k_sleep
                0x000000001000542c       0x3e zephyr/kernel/libkernel.a(sched.c.obj)
                0x000000001000542c                z_impl_k_sleep
 .text.next_timeout
                0x000000001000546a       0x2e zephyr/kernel/libkernel.a(timeout.c.obj)
 .text.z_abort_timeout
                0x0000000010005498       0x50 zephyr/kernel/libkernel.a(timeout.c.obj)
                0x0000000010005498                z_abort_timeout
 .text.sys_clock_tick_get_32
                0x00000000100054e8        0x8 zephyr/kernel/libkernel.a(timeout.c.obj)
                0x00000000100054e8                sys_clock_tick_get_32
 .text.memcpy   0x00000000100054f0       0x1a c:\users\jbenoit\zephyr-sdk-0.17.4\arm-zephyr-eabi\bin\../lib/gcc/../../picolibc/arm-zephyr-eabi/lib/thumb/v8-m.main/nofp\libc.a(memcpy.c.o)
                0x00000000100054f0                __aeabi_memcpy
                0x00000000100054f0                __aeabi_memcpy4
                0x00000000100054f0                __aeabi_memcpy8
                0x00000000100054f0                memcpy
 .text.memset   0x000000001000550a       0x10 c:\users\jbenoit\zephyr-sdk-0.17.4\arm-zephyr-eabi\bin\../lib/gcc/../../picolibc/arm-zephyr-eabi/lib/thumb/v8-m.main/nofp\libc.a(memset.c.o)
                0x000000001000550a                memset
 .text.strnlen  0x000000001000551a       0x18 c:\users\jbenoit\zephyr-sdk-0.17.4\arm-zephyr-eabi\bin\../lib/gcc/../../picolibc/arm-zephyr-eabi/lib/thumb/v8-m.main/nofp\libc.a(libc_string_strnlen.c.o)
                0x000000001000551a                strnlen
 .text.__ultoa_invert
                0x0000000010005532       0xac c:\users\jbenoit\zephyr-sdk-0.17.4\arm-zephyr-eabi\bin\../lib/gcc/../../picolibc/arm-zephyr-eabi/lib/thumb/v8-m.main/nofp\libc.a(libc_tinystdio_vflprintf.c.o)
 *(SORT_BY_ALIGNMENT(.TEXT.*))
 *fill*         0x00000000100055de        0x2 
 .TEXT.__aeabi_read_tp
                0x00000000100055e0        0xc zephyr/arch/arch/arm/core/cortex_m/libarch__arm__core__cortex_m.a(__aeabi_read_tp.S.obj)
                0x00000000100055e0                __aeabi_read_tp
 *(SORT_BY_ALIGNMENT(.gnu.linkonce.t.*))
 *(SORT_BY_ALIGNMENT(.glue_7t))
 .glue_7t       0x00000000100055ec        0x0 linker stubs
 *(SORT_BY_ALIGNMENT(.glue_7))
 .glue_7        0x00000000100055ec        0x0 linker stubs
 *(SORT_BY_ALIGNMENT(.vfp11_veneer))
 .vfp11_veneer  0x00000000100055ec        0x0 linker stubs
 *(SORT_BY_ALIGNMENT(.v4_bx))
 .v4_bx         0x00000000100055ec        0x0 linker stubs
                0x00000000100055ec                . = ALIGN (0x4)
                0x00000000100055ec                __text_region_end = .

.ARM.exidx      0x00000000100055ec        0x8
                0x00000000100055ec                __exidx_start = .
 *(SORT_BY_ALIGNMENT(.ARM.exidx*) SORT_BY_ALIGNMENT(gnu.linkonce.armexidx.*))
 .ARM.exidx     0x00000000100055ec        0x8 c:/users/jbenoit/zephyr-sdk-0.17.4/arm-zephyr-eabi/bin/../lib/gcc/arm-zephyr-eabi/12.2.0/thumb/v8-m.main/nofp\libgcc.a(_udivmoddi4.o)
                0x00000000100055f4                __exidx_end = .
                0x00000000100055f4                __rodata_region_start = .

initlevel       0x00000000100055f4       0xc0
                0x00000000100055f4                __init_start = .
                0x00000000100055f4                __init_EARLY_start = .
 *(SORT_BY_NAME(SORT_BY_ALIGNMENT(.z_init_EARLY_P_?_*)))
 *(SORT_BY_NAME(SORT_BY_ALIGNMENT(.z_init_EARLY_P_??_*)))
 *(SORT_BY_NAME(SORT_BY_ALIGNMENT(.z_init_EARLY_P_???_*)))
                0x00000000100055f4                __init_PRE_KERNEL_1_start = .
 *(SORT_BY_NAME(SORT_BY_ALIGNMENT(.z_init_PRE_KERNEL_1_P_?_*)))
 *(SORT_BY_NAME(SORT_BY_ALIGNMENT(.z_init_PRE_KERNEL_1_P_??_*)))
 .z_init_PRE_KERNEL_1_P_30_SUB_00014_
                0x00000000100055f4        0x8 zephyr/drivers/clock_control/libdrivers__clock_control.a(clock_control_mcux_syscon.c.obj)
 .z_init_PRE_KERNEL_1_P_40_SUB_00015_
                0x00000000100055fc        0x8 zephyr/drivers/pinctrl/libdrivers__pinctrl.a(pinctrl_nxp_port.c.obj)
 .z_init_PRE_KERNEL_1_P_40_SUB_00020_
                0x0000000010005604        0x8 zephyr/drivers/pinctrl/libdrivers__pinctrl.a(pinctrl_nxp_port.c.obj)
 .z_init_PRE_KERNEL_1_P_40_SUB_00096_
                0x000000001000560c        0x8 zephyr/drivers/pinctrl/libdrivers__pinctrl.a(pinctrl_nxp_port.c.obj)
 .z_init_PRE_KERNEL_1_P_40_SUB_00098_
                0x0000000010005614        0x8 zephyr/drivers/pinctrl/libdrivers__pinctrl.a(pinctrl_nxp_port.c.obj)
 .z_init_PRE_KERNEL_1_P_40_SUB_00138_
                0x000000001000561c        0x8 zephyr/drivers/mfd/libdrivers__mfd.a(mfd_nxp_lp_flexcomm.c.obj)
 .z_init_PRE_KERNEL_1_P_40_SUB_00142_
                0x0000000010005624        0x8 zephyr/drivers/mfd/libdrivers__mfd.a(mfd_nxp_lp_flexcomm.c.obj)
 .z_init_PRE_KERNEL_1_P_40_SUB_00146_
                0x000000001000562c        0x8 zephyr/drivers/mfd/libdrivers__mfd.a(mfd_nxp_lp_flexcomm.c.obj)
 .z_init_PRE_KERNEL_1_P_40_SUB_00150_
                0x0000000010005634        0x8 zephyr/drivers/mfd/libdrivers__mfd.a(mfd_nxp_lp_flexcomm.c.obj)
 .z_init_PRE_KERNEL_1_P_40_SUB_00158_
                0x000000001000563c        0x8 zephyr/drivers/mfd/libdrivers__mfd.a(mfd_nxp_lp_flexcomm.c.obj)
 .z_init_PRE_KERNEL_1_P_40_SUB_00162_
                0x0000000010005644        0x8 zephyr/drivers/mfd/libdrivers__mfd.a(mfd_nxp_lp_flexcomm.c.obj)
 .z_init_PRE_KERNEL_1_P_40_SUB_00175_
                0x000000001000564c        0x8 zephyr/drivers/pinctrl/libdrivers__pinctrl.a(pinctrl_nxp_port.c.obj)
 .z_init_PRE_KERNEL_1_P_40_SUB_00205_
                0x0000000010005654        0x8 zephyr/drivers/pinctrl/libdrivers__pinctrl.a(pinctrl_nxp_port.c.obj)
 .z_init_PRE_KERNEL_1_P_50_SUB_00144_
                0x000000001000565c        0x8 zephyr/drivers/serial/libdrivers__serial.a(uart_mcux_lpuart.c.obj)
 .z_init_PRE_KERNEL_1_P_50_SUB_00152_
                0x0000000010005664        0x8 zephyr/drivers/serial/libdrivers__serial.a(uart_mcux_lpuart.c.obj)
 .z_init_PRE_KERNEL_1_P_60_SUB_0_
                0x000000001000566c        0x8 zephyr/drivers/console/libdrivers__console.a(uart_console.c.obj)
 *(SORT_BY_NAME(SORT_BY_ALIGNMENT(.z_init_PRE_KERNEL_1_P_???_*)))
                0x0000000010005674                __init_PRE_KERNEL_2_start = .
 *(SORT_BY_NAME(SORT_BY_ALIGNMENT(.z_init_PRE_KERNEL_2_P_?_*)))
 .z_init_PRE_KERNEL_2_P_0_SUB_0_
                0x0000000010005674        0x8 zephyr/drivers/timer/libdrivers__timer.a(cortex_m_systick.c.obj)
 *(SORT_BY_NAME(SORT_BY_ALIGNMENT(.z_init_PRE_KERNEL_2_P_??_*)))
 *(SORT_BY_NAME(SORT_BY_ALIGNMENT(.z_init_PRE_KERNEL_2_P_???_*)))
                0x000000001000567c                __init_POST_KERNEL_start = .
 *(SORT_BY_NAME(SORT_BY_ALIGNMENT(.z_init_POST_KERNEL_P_?_*)))
 *(SORT_BY_NAME(SORT_BY_ALIGNMENT(.z_init_POST_KERNEL_P_??_*)))
 .z_init_POST_KERNEL_P_35_SUB_0_
                0x000000001000567c        0x8 zephyr/lib/libc/common/liblib__libc__common.a(malloc.c.obj)
 .z_init_POST_KERNEL_P_40_SUB_00016_
                0x0000000010005684        0x8 zephyr/drivers/gpio/libdrivers__gpio.a(gpio_mcux.c.obj)
 .z_init_POST_KERNEL_P_40_SUB_00021_
                0x000000001000568c        0x8 zephyr/drivers/gpio/libdrivers__gpio.a(gpio_mcux.c.obj)
 .z_init_POST_KERNEL_P_40_SUB_00097_
                0x0000000010005694        0x8 zephyr/drivers/gpio/libdrivers__gpio.a(gpio_mcux.c.obj)
 .z_init_POST_KERNEL_P_40_SUB_00099_
                0x000000001000569c        0x8 zephyr/drivers/gpio/libdrivers__gpio.a(gpio_mcux.c.obj)
 .z_init_POST_KERNEL_P_40_SUB_00176_
                0x00000000100056a4        0x8 zephyr/drivers/gpio/libdrivers__gpio.a(gpio_mcux.c.obj)
 .z_init_POST_KERNEL_P_40_SUB_00206_
                0x00000000100056ac        0x8 zephyr/drivers/gpio/libdrivers__gpio.a(gpio_mcux.c.obj)
 *(SORT_BY_NAME(SORT_BY_ALIGNMENT(.z_init_POST_KERNEL_P_???_*)))
                0x00000000100056b4                __init_APPLICATION_start = .
 *(SORT_BY_NAME(SORT_BY_ALIGNMENT(.z_init_APPLICATION_P_?_*)))
 *(SORT_BY_NAME(SORT_BY_ALIGNMENT(.z_init_APPLICATION_P_??_*)))
 *(SORT_BY_NAME(SORT_BY_ALIGNMENT(.z_init_APPLICATION_P_???_*)))
                0x00000000100056b4                __init_SMP_start = .
 *(SORT_BY_NAME(SORT_BY_ALIGNMENT(.z_init_SMP_P_?_*)))
 *(SORT_BY_NAME(SORT_BY_ALIGNMENT(.z_init_SMP_P_??_*)))
 *(SORT_BY_NAME(SORT_BY_ALIGNMENT(.z_init_SMP_P_???_*)))
                0x00000000100056b4                __init_end = .

device_area     0x00000000100056b4      0x2a0
                0x00000000100056b4                _device_list_start = .
 *(SORT_BY_NAME(SORT_BY_ALIGNMENT(._device.static.*_?_*)))
 *(SORT_BY_NAME(SORT_BY_ALIGNMENT(._device.static.*_??_*)))
 ._device.static.1_30_
                0x00000000100056b4       0x20 zephyr/drivers/clock_control/libdrivers__clock_control.a(clock_control_mcux_syscon.c.obj)
                0x00000000100056b4                __device_dts_ord_14
 ._device.static.1_40_
                0x00000000100056d4       0xc0 zephyr/drivers/mfd/libdrivers__mfd.a(mfd_nxp_lp_flexcomm.c.obj)
                0x00000000100056d4                __device_dts_ord_162
                0x00000000100056f4                __device_dts_ord_158
                0x0000000010005714                __device_dts_ord_150
                0x0000000010005734                __device_dts_ord_146
                0x0000000010005754                __device_dts_ord_142
                0x0000000010005774                __device_dts_ord_138
 ._device.static.1_40_
                0x0000000010005794       0xc0 zephyr/drivers/pinctrl/libdrivers__pinctrl.a(pinctrl_nxp_port.c.obj)
                0x0000000010005794                __device_dts_ord_96
                0x00000000100057b4                __device_dts_ord_175
                0x00000000100057d4                __device_dts_ord_98
                0x00000000100057f4                __device_dts_ord_205
                0x0000000010005814                __device_dts_ord_20
                0x0000000010005834                __device_dts_ord_15
 ._device.static.1_50_
                0x0000000010005854       0x40 zephyr/drivers/serial/libdrivers__serial.a(uart_mcux_lpuart.c.obj)
                0x0000000010005854                __device_dts_ord_152
                0x0000000010005874                __device_dts_ord_144
 ._device.static.3_40_
                0x0000000010005894       0xc0 zephyr/drivers/gpio/libdrivers__gpio.a(gpio_mcux.c.obj)
                0x0000000010005894                __device_dts_ord_97
                0x00000000100058b4                __device_dts_ord_176
                0x00000000100058d4                __device_dts_ord_99
                0x00000000100058f4                __device_dts_ord_206
                0x0000000010005914                __device_dts_ord_21
                0x0000000010005934                __device_dts_ord_16
 *(SORT_BY_NAME(SORT_BY_ALIGNMENT(._device.static.*_???_*)))
 *(SORT_BY_NAME(SORT_BY_ALIGNMENT(._device.static.*_????_*)))
 *(SORT_BY_NAME(SORT_BY_ALIGNMENT(._device.static.*_?????_*)))
                0x0000000010005954                _device_list_end = .

sw_isr_table    0x0000000010005954      0x4e0
                0x0000000010005954                . = ALIGN (0x4)
 *(SORT_BY_ALIGNMENT(.gnu.linkonce.sw_isr_table*))
 .gnu.linkonce.sw_isr_table
                0x0000000010005954      0x4e0 zephyr/CMakeFiles/zephyr_final.dir/isr_tables.c.obj
                0x0000000010005954                _sw_isr_table

initlevel_error
                0x00000000100055f4        0x0
 *(SORT_BY_NAME(SORT_BY_ALIGNMENT(.z_init_*)))
                0x0000000000000001                ASSERT ((SIZEOF (initlevel_error) == 0x0), Undefined initialization levels used.)

app_shmem_regions
                0x0000000010005e34        0x0
                0x0000000010005e34                __app_shmem_regions_start = .
 *(SORT_BY_NAME(SORT_BY_ALIGNMENT(.app_regions.*)))
                0x0000000010005e34                __app_shmem_regions_end = .

k_p4wq_initparam_area
                0x0000000010005e34        0x0
                0x0000000010005e34                _k_p4wq_initparam_list_start = .
 *(SORT_BY_NAME(SORT_BY_ALIGNMENT(._k_p4wq_initparam.static.*)))
                0x0000000010005e34                _k_p4wq_initparam_list_end = .

_static_thread_data_area
                0x0000000010005e34        0x0
                0x0000000010005e34                __static_thread_data_list_start = .
 *(SORT_BY_NAME(SORT_BY_ALIGNMENT(.__static_thread_data.static.*)))
                0x0000000010005e34                __static_thread_data_list_end = .

device_deps     0x0000000010005e34        0x0
                0x0000000010005e34                __device_deps_start = .
 *(SORT_BY_NAME(SORT_BY_ALIGNMENT(.__device_deps_pass2*)))
                0x0000000010005e34                __device_deps_end = .

gpio_driver_api_area
                0x0000000010005e34       0x24
                0x0000000010005e34                _gpio_driver_api_list_start = .
 *(SORT_BY_NAME(SORT_BY_ALIGNMENT(._gpio_driver_api.static.*)))
 ._gpio_driver_api.static.gpio_mcux_driver_api_
                0x0000000010005e34       0x24 zephyr/drivers/gpio/libdrivers__gpio.a(gpio_mcux.c.obj)
                0x0000000010005e58                _gpio_driver_api_list_end = .

shared_irq_driver_api_area
                0x0000000010005e58        0x0
                0x0000000010005e58                _shared_irq_driver_api_list_start = .
 *(SORT_BY_NAME(SORT_BY_ALIGNMENT(._shared_irq_driver_api.static.*)))
                0x0000000010005e58                _shared_irq_driver_api_list_end = .

crypto_driver_api_area
                0x0000000010005e58        0x0
                0x0000000010005e58                _crypto_driver_api_list_start = .
 *(SORT_BY_NAME(SORT_BY_ALIGNMENT(._crypto_driver_api.static.*)))
                0x0000000010005e58                _crypto_driver_api_list_end = .

adc_driver_api_area
                0x0000000010005e58        0x0
                0x0000000010005e58                _adc_driver_api_list_start = .
 *(SORT_BY_NAME(SORT_BY_ALIGNMENT(._adc_driver_api.static.*)))
                0x0000000010005e58                _adc_driver_api_list_end = .

auxdisplay_driver_api_area
                0x0000000010005e58        0x0
                0x0000000010005e58                _auxdisplay_driver_api_list_start = .
 *(SORT_BY_NAME(SORT_BY_ALIGNMENT(._auxdisplay_driver_api.static.*)))
                0x0000000010005e58                _auxdisplay_driver_api_list_end = .

bbram_driver_api_area
                0x0000000010005e58        0x0
                0x0000000010005e58                _bbram_driver_api_list_start = .
 *(SORT_BY_NAME(SORT_BY_ALIGNMENT(._bbram_driver_api.static.*)))
                0x0000000010005e58                _bbram_driver_api_list_end = .

bt_hci_driver_api_area
                0x0000000010005e58        0x0
                0x0000000010005e58                _bt_hci_driver_api_list_start = .
 *(SORT_BY_NAME(SORT_BY_ALIGNMENT(._bt_hci_driver_api.static.*)))
                0x0000000010005e58                _bt_hci_driver_api_list_end = .

can_driver_api_area
                0x0000000010005e58        0x0
                0x0000000010005e58                _can_driver_api_list_start = .
 *(SORT_BY_NAME(SORT_BY_ALIGNMENT(._can_driver_api.static.*)))
                0x0000000010005e58                _can_driver_api_list_end = .

cellular_driver_api_area
                0x0000000010005e58        0x0
                0x0000000010005e58                _cellular_driver_api_list_start = .
 *(SORT_BY_NAME(SORT_BY_ALIGNMENT(._cellular_driver_api.static.*)))
                0x0000000010005e58                _cellular_driver_api_list_end = .

charger_driver_api_area
                0x0000000010005e58        0x0
                0x0000000010005e58                _charger_driver_api_list_start = .
 *(SORT_BY_NAME(SORT_BY_ALIGNMENT(._charger_driver_api.static.*)))
                0x0000000010005e58                _charger_driver_api_list_end = .

clock_control_driver_api_area
                0x0000000010005e58       0x1c
                0x0000000010005e58                _clock_control_driver_api_list_start = .
 *(SORT_BY_NAME(SORT_BY_ALIGNMENT(._clock_control_driver_api.static.*)))
 ._clock_control_driver_api.static.mcux_lpc_syscon_api_
                0x0000000010005e58       0x1c zephyr/drivers/clock_control/libdrivers__clock_control.a(clock_control_mcux_syscon.c.obj)
                0x0000000010005e74                _clock_control_driver_api_list_end = .

comparator_driver_api_area
                0x0000000010005e74        0x0
                0x0000000010005e74                _comparator_driver_api_list_start = .
 *(SORT_BY_NAME(SORT_BY_ALIGNMENT(._comparator_driver_api.static.*)))
                0x0000000010005e74                _comparator_driver_api_list_end = .

coredump_driver_api_area
                0x0000000010005e74        0x0
                0x0000000010005e74                _coredump_driver_api_list_start = .
 *(SORT_BY_NAME(SORT_BY_ALIGNMENT(._coredump_driver_api.static.*)))
                0x0000000010005e74                _coredump_driver_api_list_end = .

counter_driver_api_area
                0x0000000010005e74        0x0
                0x0000000010005e74                _counter_driver_api_list_start = .
 *(SORT_BY_NAME(SORT_BY_ALIGNMENT(._counter_driver_api.static.*)))
                0x0000000010005e74                _counter_driver_api_list_end = .

crc_driver_api_area
                0x0000000010005e74        0x0
                0x0000000010005e74                _crc_driver_api_list_start = .
 *(SORT_BY_NAME(SORT_BY_ALIGNMENT(._crc_driver_api.static.*)))
                0x0000000010005e74                _crc_driver_api_list_end = .

dac_driver_api_area
                0x0000000010005e74        0x0
                0x0000000010005e74                _dac_driver_api_list_start = .
 *(SORT_BY_NAME(SORT_BY_ALIGNMENT(._dac_driver_api.static.*)))
                0x0000000010005e74                _dac_driver_api_list_end = .

dai_driver_api_area
                0x0000000010005e74        0x0
                0x0000000010005e74                _dai_driver_api_list_start = .
 *(SORT_BY_NAME(SORT_BY_ALIGNMENT(._dai_driver_api.static.*)))
                0x0000000010005e74                _dai_driver_api_list_end = .

display_driver_api_area
                0x0000000010005e74        0x0
                0x0000000010005e74                _display_driver_api_list_start = .
 *(SORT_BY_NAME(SORT_BY_ALIGNMENT(._display_driver_api.static.*)))
                0x0000000010005e74                _display_driver_api_list_end = .

dma_driver_api_area
                0x0000000010005e74        0x0
                0x0000000010005e74                _dma_driver_api_list_start = .
 *(SORT_BY_NAME(SORT_BY_ALIGNMENT(._dma_driver_api.static.*)))
                0x0000000010005e74                _dma_driver_api_list_end = .

edac_driver_api_area
                0x0000000010005e74        0x0
                0x0000000010005e74                _edac_driver_api_list_start = .
 *(SORT_BY_NAME(SORT_BY_ALIGNMENT(._edac_driver_api.static.*)))
                0x0000000010005e74                _edac_driver_api_list_end = .

eeprom_driver_api_area
                0x0000000010005e74        0x0
                0x0000000010005e74                _eeprom_driver_api_list_start = .
 *(SORT_BY_NAME(SORT_BY_ALIGNMENT(._eeprom_driver_api.static.*)))
                0x0000000010005e74                _eeprom_driver_api_list_end = .

emul_bbram_driver_api_area
                0x0000000010005e74        0x0
                0x0000000010005e74                _emul_bbram_driver_api_list_start = .
 *(SORT_BY_NAME(SORT_BY_ALIGNMENT(._emul_bbram_driver_api.static.*)))
                0x0000000010005e74                _emul_bbram_driver_api_list_end = .

fuel_gauge_emul_driver_api_area
                0x0000000010005e74        0x0
                0x0000000010005e74                _fuel_gauge_emul_driver_api_list_start = .
 *(SORT_BY_NAME(SORT_BY_ALIGNMENT(._fuel_gauge_emul_driver_api.static.*)))
                0x0000000010005e74                _fuel_gauge_emul_driver_api_list_end = .

emul_sensor_driver_api_area
                0x0000000010005e74        0x0
                0x0000000010005e74                _emul_sensor_driver_api_list_start = .
 *(SORT_BY_NAME(SORT_BY_ALIGNMENT(._emul_sensor_driver_api.static.*)))
                0x0000000010005e74                _emul_sensor_driver_api_list_end = .

entropy_driver_api_area
                0x0000000010005e74        0x0
                0x0000000010005e74                _entropy_driver_api_list_start = .
 *(SORT_BY_NAME(SORT_BY_ALIGNMENT(._entropy_driver_api.static.*)))
                0x0000000010005e74                _entropy_driver_api_list_end = .

espi_driver_api_area
                0x0000000010005e74        0x0
                0x0000000010005e74                _espi_driver_api_list_start = .
 *(SORT_BY_NAME(SORT_BY_ALIGNMENT(._espi_driver_api.static.*)))
                0x0000000010005e74                _espi_driver_api_list_end = .

espi_saf_driver_api_area
                0x0000000010005e74        0x0
                0x0000000010005e74                _espi_saf_driver_api_list_start = .
 *(SORT_BY_NAME(SORT_BY_ALIGNMENT(._espi_saf_driver_api.static.*)))
                0x0000000010005e74                _espi_saf_driver_api_list_end = .

flash_driver_api_area
                0x0000000010005e74        0x0
                0x0000000010005e74                _flash_driver_api_list_start = .
 *(SORT_BY_NAME(SORT_BY_ALIGNMENT(._flash_driver_api.static.*)))
                0x0000000010005e74                _flash_driver_api_list_end = .

fpga_driver_api_area
                0x0000000010005e74        0x0
                0x0000000010005e74                _fpga_driver_api_list_start = .
 *(SORT_BY_NAME(SORT_BY_ALIGNMENT(._fpga_driver_api.static.*)))
                0x0000000010005e74                _fpga_driver_api_list_end = .

fuel_gauge_driver_api_area
                0x0000000010005e74        0x0
                0x0000000010005e74                _fuel_gauge_driver_api_list_start = .
 *(SORT_BY_NAME(SORT_BY_ALIGNMENT(._fuel_gauge_driver_api.static.*)))
                0x0000000010005e74                _fuel_gauge_driver_api_list_end = .

gnss_driver_api_area
                0x0000000010005e74        0x0
                0x0000000010005e74                _gnss_driver_api_list_start = .
 *(SORT_BY_NAME(SORT_BY_ALIGNMENT(._gnss_driver_api.static.*)))
                0x0000000010005e74                _gnss_driver_api_list_end = .

haptics_driver_api_area
                0x0000000010005e74        0x0
                0x0000000010005e74                _haptics_driver_api_list_start = .
 *(SORT_BY_NAME(SORT_BY_ALIGNMENT(._haptics_driver_api.static.*)))
                0x0000000010005e74                _haptics_driver_api_list_end = .

hwspinlock_driver_api_area
                0x0000000010005e74        0x0
                0x0000000010005e74                _hwspinlock_driver_api_list_start = .
 *(SORT_BY_NAME(SORT_BY_ALIGNMENT(._hwspinlock_driver_api.static.*)))
                0x0000000010005e74                _hwspinlock_driver_api_list_end = .

i2c_driver_api_area
                0x0000000010005e74        0x0
                0x0000000010005e74                _i2c_driver_api_list_start = .
 *(SORT_BY_NAME(SORT_BY_ALIGNMENT(._i2c_driver_api.static.*)))
                0x0000000010005e74                _i2c_driver_api_list_end = .

i2c_target_driver_api_area
                0x0000000010005e74        0x0
                0x0000000010005e74                _i2c_target_driver_api_list_start = .
 *(SORT_BY_NAME(SORT_BY_ALIGNMENT(._i2c_target_driver_api.static.*)))
                0x0000000010005e74                _i2c_target_driver_api_list_end = .

i2s_driver_api_area
                0x0000000010005e74        0x0
                0x0000000010005e74                _i2s_driver_api_list_start = .
 *(SORT_BY_NAME(SORT_BY_ALIGNMENT(._i2s_driver_api.static.*)))
                0x0000000010005e74                _i2s_driver_api_list_end = .

i3c_driver_api_area
                0x0000000010005e74        0x0
                0x0000000010005e74                _i3c_driver_api_list_start = .
 *(SORT_BY_NAME(SORT_BY_ALIGNMENT(._i3c_driver_api.static.*)))
                0x0000000010005e74                _i3c_driver_api_list_end = .

ipm_driver_api_area
                0x0000000010005e74        0x0
                0x0000000010005e74                _ipm_driver_api_list_start = .
 *(SORT_BY_NAME(SORT_BY_ALIGNMENT(._ipm_driver_api.static.*)))
                0x0000000010005e74                _ipm_driver_api_list_end = .

led_driver_api_area
                0x0000000010005e74        0x0
                0x0000000010005e74                _led_driver_api_list_start = .
 *(SORT_BY_NAME(SORT_BY_ALIGNMENT(._led_driver_api.static.*)))
                0x0000000010005e74                _led_driver_api_list_end = .

led_strip_driver_api_area
                0x0000000010005e74        0x0
                0x0000000010005e74                _led_strip_driver_api_list_start = .
 *(SORT_BY_NAME(SORT_BY_ALIGNMENT(._led_strip_driver_api.static.*)))
                0x0000000010005e74                _led_strip_driver_api_list_end = .

lora_driver_api_area
                0x0000000010005e74        0x0
                0x0000000010005e74                _lora_driver_api_list_start = .
 *(SORT_BY_NAME(SORT_BY_ALIGNMENT(._lora_driver_api.static.*)))
                0x0000000010005e74                _lora_driver_api_list_end = .

mbox_driver_api_area
                0x0000000010005e74        0x0
                0x0000000010005e74                _mbox_driver_api_list_start = .
 *(SORT_BY_NAME(SORT_BY_ALIGNMENT(._mbox_driver_api.static.*)))
                0x0000000010005e74                _mbox_driver_api_list_end = .

mdio_driver_api_area
                0x0000000010005e74        0x0
                0x0000000010005e74                _mdio_driver_api_list_start = .
 *(SORT_BY_NAME(SORT_BY_ALIGNMENT(._mdio_driver_api.static.*)))
                0x0000000010005e74                _mdio_driver_api_list_end = .

mipi_dbi_driver_api_area
                0x0000000010005e74        0x0
                0x0000000010005e74                _mipi_dbi_driver_api_list_start = .
 *(SORT_BY_NAME(SORT_BY_ALIGNMENT(._mipi_dbi_driver_api.static.*)))
                0x0000000010005e74                _mipi_dbi_driver_api_list_end = .

mipi_dsi_driver_api_area
                0x0000000010005e74        0x0
                0x0000000010005e74                _mipi_dsi_driver_api_list_start = .
 *(SORT_BY_NAME(SORT_BY_ALIGNMENT(._mipi_dsi_driver_api.static.*)))
                0x0000000010005e74                _mipi_dsi_driver_api_list_end = .

mspi_driver_api_area
                0x0000000010005e74        0x0
                0x0000000010005e74                _mspi_driver_api_list_start = .
 *(SORT_BY_NAME(SORT_BY_ALIGNMENT(._mspi_driver_api.static.*)))
                0x0000000010005e74                _mspi_driver_api_list_end = .

opamp_driver_api_area
                0x0000000010005e74        0x0
                0x0000000010005e74                _opamp_driver_api_list_start = .
 *(SORT_BY_NAME(SORT_BY_ALIGNMENT(._opamp_driver_api.static.*)))
                0x0000000010005e74                _opamp_driver_api_list_end = .

peci_driver_api_area
                0x0000000010005e74        0x0
                0x0000000010005e74                _peci_driver_api_list_start = .
 *(SORT_BY_NAME(SORT_BY_ALIGNMENT(._peci_driver_api.static.*)))
                0x0000000010005e74                _peci_driver_api_list_end = .

ps2_driver_api_area
                0x0000000010005e74        0x0
                0x0000000010005e74                _ps2_driver_api_list_start = .
 *(SORT_BY_NAME(SORT_BY_ALIGNMENT(._ps2_driver_api.static.*)))
                0x0000000010005e74                _ps2_driver_api_list_end = .

ptp_clock_driver_api_area
                0x0000000010005e74        0x0
                0x0000000010005e74                _ptp_clock_driver_api_list_start = .
 *(SORT_BY_NAME(SORT_BY_ALIGNMENT(._ptp_clock_driver_api.static.*)))
                0x0000000010005e74                _ptp_clock_driver_api_list_end = .

pwm_driver_api_area
                0x0000000010005e74        0x0
                0x0000000010005e74                _pwm_driver_api_list_start = .
 *(SORT_BY_NAME(SORT_BY_ALIGNMENT(._pwm_driver_api.static.*)))
                0x0000000010005e74                _pwm_driver_api_list_end = .

regulator_parent_driver_api_area
                0x0000000010005e74        0x0
                0x0000000010005e74                _regulator_parent_driver_api_list_start = .
 *(SORT_BY_NAME(SORT_BY_ALIGNMENT(._regulator_parent_driver_api.static.*)))
                0x0000000010005e74                _regulator_parent_driver_api_list_end = .

regulator_driver_api_area
                0x0000000010005e74        0x0
                0x0000000010005e74                _regulator_driver_api_list_start = .
 *(SORT_BY_NAME(SORT_BY_ALIGNMENT(._regulator_driver_api.static.*)))
                0x0000000010005e74                _regulator_driver_api_list_end = .

reset_driver_api_area
                0x0000000010005e74        0x0
                0x0000000010005e74                _reset_driver_api_list_start = .
 *(SORT_BY_NAME(SORT_BY_ALIGNMENT(._reset_driver_api.static.*)))
                0x0000000010005e74                _reset_driver_api_list_end = .

retained_mem_driver_api_area
                0x0000000010005e74        0x0
                0x0000000010005e74                _retained_mem_driver_api_list_start = .
 *(SORT_BY_NAME(SORT_BY_ALIGNMENT(._retained_mem_driver_api.static.*)))
                0x0000000010005e74                _retained_mem_driver_api_list_end = .

rtc_driver_api_area
                0x0000000010005e74        0x0
                0x0000000010005e74                _rtc_driver_api_list_start = .
 *(SORT_BY_NAME(SORT_BY_ALIGNMENT(._rtc_driver_api.static.*)))
                0x0000000010005e74                _rtc_driver_api_list_end = .

sdhc_driver_api_area
                0x0000000010005e74        0x0
                0x0000000010005e74                _sdhc_driver_api_list_start = .
 *(SORT_BY_NAME(SORT_BY_ALIGNMENT(._sdhc_driver_api.static.*)))
                0x0000000010005e74                _sdhc_driver_api_list_end = .

sensor_driver_api_area
                0x0000000010005e74        0x0
                0x0000000010005e74                _sensor_driver_api_list_start = .
 *(SORT_BY_NAME(SORT_BY_ALIGNMENT(._sensor_driver_api.static.*)))
                0x0000000010005e74                _sensor_driver_api_list_end = .

smbus_driver_api_area
                0x0000000010005e74        0x0
                0x0000000010005e74                _smbus_driver_api_list_start = .
 *(SORT_BY_NAME(SORT_BY_ALIGNMENT(._smbus_driver_api.static.*)))
                0x0000000010005e74                _smbus_driver_api_list_end = .

spi_driver_api_area
                0x0000000010005e74        0x0
                0x0000000010005e74                _spi_driver_api_list_start = .
 *(SORT_BY_NAME(SORT_BY_ALIGNMENT(._spi_driver_api.static.*)))
                0x0000000010005e74                _spi_driver_api_list_end = .

stepper_driver_api_area
                0x0000000010005e74        0x0
                0x0000000010005e74                _stepper_driver_api_list_start = .
 *(SORT_BY_NAME(SORT_BY_ALIGNMENT(._stepper_driver_api.static.*)))
                0x0000000010005e74                _stepper_driver_api_list_end = .

syscon_driver_api_area
                0x0000000010005e74        0x0
                0x0000000010005e74                _syscon_driver_api_list_start = .
 *(SORT_BY_NAME(SORT_BY_ALIGNMENT(._syscon_driver_api.static.*)))
                0x0000000010005e74                _syscon_driver_api_list_end = .

tee_driver_api_area
                0x0000000010005e74        0x0
                0x0000000010005e74                _tee_driver_api_list_start = .
 *(SORT_BY_NAME(SORT_BY_ALIGNMENT(._tee_driver_api.static.*)))
                0x0000000010005e74                _tee_driver_api_list_end = .

video_driver_api_area
                0x0000000010005e74        0x0
                0x0000000010005e74                _video_driver_api_list_start = .
 *(SORT_BY_NAME(SORT_BY_ALIGNMENT(._video_driver_api.static.*)))
                0x0000000010005e74                _video_driver_api_list_end = .

virtio_driver_api_area
                0x0000000010005e74        0x0
                0x0000000010005e74                _virtio_driver_api_list_start = .
 *(SORT_BY_NAME(SORT_BY_ALIGNMENT(._virtio_driver_api.static.*)))
                0x0000000010005e74                _virtio_driver_api_list_end = .

w1_driver_api_area
                0x0000000010005e74        0x0
                0x0000000010005e74                _w1_driver_api_list_start = .
 *(SORT_BY_NAME(SORT_BY_ALIGNMENT(._w1_driver_api.static.*)))
                0x0000000010005e74                _w1_driver_api_list_end = .

wdt_driver_api_area
                0x0000000010005e74        0x0
                0x0000000010005e74                _wdt_driver_api_list_start = .
 *(SORT_BY_NAME(SORT_BY_ALIGNMENT(._wdt_driver_api.static.*)))
                0x0000000010005e74                _wdt_driver_api_list_end = .

can_transceiver_driver_api_area
                0x0000000010005e74        0x0
                0x0000000010005e74                _can_transceiver_driver_api_list_start = .
 *(SORT_BY_NAME(SORT_BY_ALIGNMENT(._can_transceiver_driver_api.static.*)))
                0x0000000010005e74                _can_transceiver_driver_api_list_end = .

nrf_clock_control_driver_api_area
                0x0000000010005e74        0x0
                0x0000000010005e74                _nrf_clock_control_driver_api_list_start = .
 *(SORT_BY_NAME(SORT_BY_ALIGNMENT(._nrf_clock_control_driver_api.static.*)))
                0x0000000010005e74                _nrf_clock_control_driver_api_list_end = .

i3c_target_driver_api_area
                0x0000000010005e74        0x0
                0x0000000010005e74                _i3c_target_driver_api_list_start = .
 *(SORT_BY_NAME(SORT_BY_ALIGNMENT(._i3c_target_driver_api.static.*)))
                0x0000000010005e74                _i3c_target_driver_api_list_end = .

its_driver_api_area
                0x0000000010005e74        0x0
                0x0000000010005e74                _its_driver_api_list_start = .
 *(SORT_BY_NAME(SORT_BY_ALIGNMENT(._its_driver_api.static.*)))
                0x0000000010005e74                _its_driver_api_list_end = .

vtd_driver_api_area
                0x0000000010005e74        0x0
                0x0000000010005e74                _vtd_driver_api_list_start = .
 *(SORT_BY_NAME(SORT_BY_ALIGNMENT(._vtd_driver_api.static.*)))
                0x0000000010005e74                _vtd_driver_api_list_end = .

renesas_elc_driver_api_area
                0x0000000010005e74        0x0
                0x0000000010005e74                _renesas_elc_driver_api_list_start = .
 *(SORT_BY_NAME(SORT_BY_ALIGNMENT(._renesas_elc_driver_api.static.*)))
                0x0000000010005e74                _renesas_elc_driver_api_list_end = .

tgpio_driver_api_area
                0x0000000010005e74        0x0
                0x0000000010005e74                _tgpio_driver_api_list_start = .
 *(SORT_BY_NAME(SORT_BY_ALIGNMENT(._tgpio_driver_api.static.*)))
                0x0000000010005e74                _tgpio_driver_api_list_end = .

pcie_ctrl_driver_api_area
                0x0000000010005e74        0x0
                0x0000000010005e74                _pcie_ctrl_driver_api_list_start = .
 *(SORT_BY_NAME(SORT_BY_ALIGNMENT(._pcie_ctrl_driver_api.static.*)))
                0x0000000010005e74                _pcie_ctrl_driver_api_list_end = .

pcie_ep_driver_api_area
                0x0000000010005e74        0x0
                0x0000000010005e74                _pcie_ep_driver_api_list_start = .
 *(SORT_BY_NAME(SORT_BY_ALIGNMENT(._pcie_ep_driver_api.static.*)))
                0x0000000010005e74                _pcie_ep_driver_api_list_end = .

psi5_driver_api_area
                0x0000000010005e74        0x0
                0x0000000010005e74                _psi5_driver_api_list_start = .
 *(SORT_BY_NAME(SORT_BY_ALIGNMENT(._psi5_driver_api.static.*)))
                0x0000000010005e74                _psi5_driver_api_list_end = .

sent_driver_api_area
                0x0000000010005e74        0x0
                0x0000000010005e74                _sent_driver_api_list_start = .
 *(SORT_BY_NAME(SORT_BY_ALIGNMENT(._sent_driver_api.static.*)))
                0x0000000010005e74                _sent_driver_api_list_end = .

svc_driver_api_area
                0x0000000010005e74        0x0
                0x0000000010005e74                _svc_driver_api_list_start = .
 *(SORT_BY_NAME(SORT_BY_ALIGNMENT(._svc_driver_api.static.*)))
                0x0000000010005e74                _svc_driver_api_list_end = .

uart_driver_api_area
                0x0000000010005e74       0x4c
                0x0000000010005e74                _uart_driver_api_list_start = .
 *(SORT_BY_NAME(SORT_BY_ALIGNMENT(._uart_driver_api.static.*)))
 ._uart_driver_api.static.mcux_lpuart_driver_api_
                0x0000000010005e74       0x4c zephyr/drivers/serial/libdrivers__serial.a(uart_mcux_lpuart.c.obj)
                0x0000000010005ec0                _uart_driver_api_list_end = .

bc12_emul_driver_api_area
                0x0000000010005ec0        0x0
                0x0000000010005ec0                _bc12_emul_driver_api_list_start = .
 *(SORT_BY_NAME(SORT_BY_ALIGNMENT(._bc12_emul_driver_api.static.*)))
                0x0000000010005ec0                _bc12_emul_driver_api_list_end = .

bc12_driver_api_area
                0x0000000010005ec0        0x0
                0x0000000010005ec0                _bc12_driver_api_list_start = .
 *(SORT_BY_NAME(SORT_BY_ALIGNMENT(._bc12_driver_api.static.*)))
                0x0000000010005ec0                _bc12_driver_api_list_end = .

usbc_ppc_driver_api_area
                0x0000000010005ec0        0x0
                0x0000000010005ec0                _usbc_ppc_driver_api_list_start = .
 *(SORT_BY_NAME(SORT_BY_ALIGNMENT(._usbc_ppc_driver_api.static.*)))
                0x0000000010005ec0                _usbc_ppc_driver_api_list_end = .

tcpc_driver_api_area
                0x0000000010005ec0        0x0
                0x0000000010005ec0                _tcpc_driver_api_list_start = .
 *(SORT_BY_NAME(SORT_BY_ALIGNMENT(._tcpc_driver_api.static.*)))
                0x0000000010005ec0                _tcpc_driver_api_list_end = .

usbc_vbus_driver_api_area
                0x0000000010005ec0        0x0
                0x0000000010005ec0                _usbc_vbus_driver_api_list_start = .
 *(SORT_BY_NAME(SORT_BY_ALIGNMENT(._usbc_vbus_driver_api.static.*)))
                0x0000000010005ec0                _usbc_vbus_driver_api_list_end = .

ivshmem_driver_api_area
                0x0000000010005ec0        0x0
                0x0000000010005ec0                _ivshmem_driver_api_list_start = .
 *(SORT_BY_NAME(SORT_BY_ALIGNMENT(._ivshmem_driver_api.static.*)))
                0x0000000010005ec0                _ivshmem_driver_api_list_end = .

ethphy_driver_api_area
                0x0000000010005ec0        0x0
                0x0000000010005ec0                _ethphy_driver_api_list_start = .
 *(SORT_BY_NAME(SORT_BY_ALIGNMENT(._ethphy_driver_api.static.*)))
                0x0000000010005ec0                _ethphy_driver_api_list_end = .

ztest           0x0000000010005ec0        0x0
                0x0000000010005ec0                _ztest_expected_result_entry_list_start = .
 *(SORT_BY_NAME(SORT_BY_ALIGNMENT(._ztest_expected_result_entry.static.*)))
                0x0000000010005ec0                _ztest_expected_result_entry_list_end = .
                0x0000000010005ec0                _ztest_suite_node_list_start = .
 *(SORT_BY_NAME(SORT_BY_ALIGNMENT(._ztest_suite_node.static.*)))
                0x0000000010005ec0                _ztest_suite_node_list_end = .
                0x0000000010005ec0                _ztest_unit_test_list_start = .
 *(SORT_BY_NAME(SORT_BY_ALIGNMENT(._ztest_unit_test.static.*)))
                0x0000000010005ec0                _ztest_unit_test_list_end = .
                0x0000000010005ec0                _ztest_test_rule_list_start = .
 *(SORT_BY_NAME(SORT_BY_ALIGNMENT(._ztest_test_rule.static.*)))
                0x0000000010005ec0                _ztest_test_rule_list_end = .

init_array      0x0000000010005ec0        0x0
                0x0000000010005ec0                __zephyr_init_array_start = .
 *(SORT_BY_INIT_PRIORITY(.init_array.*) SORT_BY_INIT_PRIORITY(.ctors.*))
 *(SORT_BY_ALIGNMENT(.init_array) SORT_BY_ALIGNMENT(.ctors))
                0x0000000010005ec0                __zephyr_init_array_end = .
                0x0000000000000001                ASSERT ((__zephyr_init_array_start == __zephyr_init_array_end), GNU-style constructors required but STATIC_INIT_GNU not enabled)

bt_l2cap_fixed_chan_area
                0x0000000010005ec0        0x0
                0x0000000010005ec0                _bt_l2cap_fixed_chan_list_start = .
 *(SORT_BY_NAME(SORT_BY_ALIGNMENT(._bt_l2cap_fixed_chan.static.*)))
                0x0000000010005ec0                _bt_l2cap_fixed_chan_list_end = .

bt_gatt_service_static_area
                0x0000000010005ec0        0x0
                0x0000000010005ec0                _bt_gatt_service_static_list_start = .
 *(SORT_BY_NAME(SORT_BY_ALIGNMENT(._bt_gatt_service_static.static.*)))
                0x0000000010005ec0                _bt_gatt_service_static_list_end = .

log_strings_area
                0x0000000010005ec0        0x0
                0x0000000010005ec0                _log_strings_list_start = .
 *(SORT_BY_NAME(SORT_BY_ALIGNMENT(._log_strings.static.*)))
                0x0000000010005ec0                _log_strings_list_end = .

log_stmesp_ptr_area
                0x0000000010005ec0        0x0
                0x0000000010005ec0                _log_stmesp_ptr_list_start = .
 *(SORT_BY_NAME(SORT_BY_ALIGNMENT(._log_stmesp_ptr.static.*)))
                0x0000000010005ec0                _log_stmesp_ptr_list_end = .

log_stmesp_str_area
                0x0000000010005ec0        0x0
                0x0000000010005ec0                _log_stmesp_str_list_start = .
 *(SORT_BY_NAME(SORT_BY_ALIGNMENT(._log_stmesp_str.static.*)))
                0x0000000010005ec0                _log_stmesp_str_list_end = .

log_const_area  0x0000000010005ec0        0x0
                0x0000000010005ec0                _log_const_list_start = .
 *(SORT_BY_NAME(SORT_BY_ALIGNMENT(._log_const.static.*)))
                0x0000000010005ec0                _log_const_list_end = .

log_backend_area
                0x0000000010005ec0        0x0
                0x0000000010005ec0                _log_backend_list_start = .
 *(SORT_BY_NAME(SORT_BY_ALIGNMENT(._log_backend.static.*)))
                0x0000000010005ec0                _log_backend_list_end = .

log_link_area   0x0000000010005ec0        0x0
                0x0000000010005ec0                _log_link_list_start = .
 *(SORT_BY_NAME(SORT_BY_ALIGNMENT(._log_link.static.*)))
                0x0000000010005ec0                _log_link_list_end = .

tracing_backend_area
                0x0000000010005ec0        0x0
                0x0000000010005ec0                _tracing_backend_list_start = .
 *(SORT_BY_NAME(SORT_BY_ALIGNMENT(._tracing_backend.static.*)))
                0x0000000010005ec0                _tracing_backend_list_end = .

zephyr_dbg_info
 *(SORT_BY_ALIGNMENT(.dbg_thread_info))

intc_table_area
                0x0000000010005ec0        0x0
                0x0000000010005ec0                _intc_table_list_start = .
 *(SORT_BY_NAME(SORT_BY_ALIGNMENT(._intc_table.static.*)))
                0x0000000010005ec0                _intc_table_list_end = .

symbol_to_keep  0x0000000010005ec0        0x0
                0x0000000010005ec0                __symbol_to_keep_start = .
 *(SORT_BY_NAME(SORT_BY_ALIGNMENT(.symbol_to_keep*)))
                0x0000000010005ec0                __symbol_to_keep_end = .

shell_area      0x0000000010005ec0        0x0
                0x0000000010005ec0                _shell_list_start = .
 *(SORT_BY_NAME(SORT_BY_ALIGNMENT(._shell.static.*)))
                0x0000000010005ec0                _shell_list_end = .

shell_root_cmds_area
                0x0000000010005ec0        0x0
                0x0000000010005ec0                _shell_root_cmds_list_start = .
 *(SORT_BY_NAME(SORT_BY_ALIGNMENT(._shell_root_cmds.static.*)))
                0x0000000010005ec0                _shell_root_cmds_list_end = .

shell_subcmds_area
                0x0000000010005ec0        0x0
                0x0000000010005ec0                _shell_subcmds_list_start = .
 *(SORT_BY_NAME(SORT_BY_ALIGNMENT(._shell_subcmds.static.*)))
                0x0000000010005ec0                _shell_subcmds_list_end = .

shell_dynamic_subcmds_area
                0x0000000010005ec0        0x0
                0x0000000010005ec0                _shell_dynamic_subcmds_list_start = .
 *(SORT_BY_NAME(SORT_BY_ALIGNMENT(._shell_dynamic_subcmds.static.*)))
                0x0000000010005ec0                _shell_dynamic_subcmds_list_end = .

cfb_font_area   0x0000000010005ec0        0x0
                0x0000000010005ec0                _cfb_font_list_start = .
 *(SORT_BY_NAME(SORT_BY_ALIGNMENT(._cfb_font.static.*)))
                0x0000000010005ec0                _cfb_font_list_end = .

tdata           0x0000000010005ec0        0x0
 *(SORT_BY_ALIGNMENT(.tdata) SORT_BY_ALIGNMENT(.tdata.*) SORT_BY_ALIGNMENT(.gnu.linkonce.td.*))

tbss            0x0000000010005ec0        0x4
 *(SORT_BY_ALIGNMENT(.tbss) SORT_BY_ALIGNMENT(.tbss.*) SORT_BY_ALIGNMENT(.gnu.linkonce.tb.*) SORT_BY_ALIGNMENT(.tcommon))
 .tbss.z_tls_current